Archive member included to satisfy reference by file (symbol)

/home/luca/gcc-arm-none-eabi-10.3-2021.10/bin/../lib/gcc/arm-none-eabi/10.3.1/../../../../arm-none-eabi/lib/thumb/v7-m/nofp/libc_nano.a(lib_a-aeabi_atexit.o)
                              build/appTasks.o (__aeabi_atexit)
/home/luca/gcc-arm-none-eabi-10.3-2021.10/bin/../lib/gcc/arm-none-eabi/10.3.1/../../../../arm-none-eabi/lib/thumb/v7-m/nofp/libc_nano.a(lib_a-cxa_atexit.o)
                              /home/luca/gcc-arm-none-eabi-10.3-2021.10/bin/../lib/gcc/arm-none-eabi/10.3.1/../../../../arm-none-eabi/lib/thumb/v7-m/nofp/libc_nano.a(lib_a-aeabi_atexit.o) (__cxa_atexit)
/home/luca/gcc-arm-none-eabi-10.3-2021.10/bin/../lib/gcc/arm-none-eabi/10.3.1/../../../../arm-none-eabi/lib/thumb/v7-m/nofp/libc_nano.a(lib_a-exit.o)
                              /home/luca/gcc-arm-none-eabi-10.3-2021.10/bin/../lib/gcc/arm-none-eabi/10.3.1/../../../../arm-none-eabi/lib/thumb/v7-m/nofp/crt0.o (exit)
/home/luca/gcc-arm-none-eabi-10.3-2021.10/bin/../lib/gcc/arm-none-eabi/10.3.1/../../../../arm-none-eabi/lib/thumb/v7-m/nofp/libc_nano.a(lib_a-impure.o)
                              /home/luca/gcc-arm-none-eabi-10.3-2021.10/bin/../lib/gcc/arm-none-eabi/10.3.1/../../../../arm-none-eabi/lib/thumb/v7-m/nofp/libc_nano.a(lib_a-exit.o) (_global_impure_ptr)
/home/luca/gcc-arm-none-eabi-10.3-2021.10/bin/../lib/gcc/arm-none-eabi/10.3.1/../../../../arm-none-eabi/lib/thumb/v7-m/nofp/libc_nano.a(lib_a-init.o)
                              /home/luca/gcc-arm-none-eabi-10.3-2021.10/bin/../lib/gcc/arm-none-eabi/10.3.1/../../../../arm-none-eabi/lib/thumb/v7-m/nofp/crt0.o (__libc_init_array)
/home/luca/gcc-arm-none-eabi-10.3-2021.10/bin/../lib/gcc/arm-none-eabi/10.3.1/../../../../arm-none-eabi/lib/thumb/v7-m/nofp/libc_nano.a(lib_a-memcpy-stub.o)
                              build/queue.o (memcpy)
/home/luca/gcc-arm-none-eabi-10.3-2021.10/bin/../lib/gcc/arm-none-eabi/10.3.1/../../../../arm-none-eabi/lib/thumb/v7-m/nofp/libc_nano.a(lib_a-memset.o)
                              /home/luca/gcc-arm-none-eabi-10.3-2021.10/bin/../lib/gcc/arm-none-eabi/10.3.1/../../../../arm-none-eabi/lib/thumb/v7-m/nofp/crt0.o (memset)
/home/luca/gcc-arm-none-eabi-10.3-2021.10/bin/../lib/gcc/arm-none-eabi/10.3.1/../../../../arm-none-eabi/lib/thumb/v7-m/nofp/libc_nano.a(lib_a-on_exit_args.o)
                              /home/luca/gcc-arm-none-eabi-10.3-2021.10/bin/../lib/gcc/arm-none-eabi/10.3.1/../../../../arm-none-eabi/lib/thumb/v7-m/nofp/libc_nano.a(lib_a-cxa_atexit.o) (__on_exit_args)
/home/luca/gcc-arm-none-eabi-10.3-2021.10/bin/../lib/gcc/arm-none-eabi/10.3.1/../../../../arm-none-eabi/lib/thumb/v7-m/nofp/libc_nano.a(lib_a-sprintf.o)
                              build/appTasks.o (sprintf)
/home/luca/gcc-arm-none-eabi-10.3-2021.10/bin/../lib/gcc/arm-none-eabi/10.3.1/../../../../arm-none-eabi/lib/thumb/v7-m/nofp/libc_nano.a(lib_a-sscanf.o)
                              build/appTasks.o (sscanf)
/home/luca/gcc-arm-none-eabi-10.3-2021.10/bin/../lib/gcc/arm-none-eabi/10.3.1/../../../../arm-none-eabi/lib/thumb/v7-m/nofp/libc_nano.a(lib_a-stdio.o)
                              /home/luca/gcc-arm-none-eabi-10.3-2021.10/bin/../lib/gcc/arm-none-eabi/10.3.1/../../../../arm-none-eabi/lib/thumb/v7-m/nofp/libc_nano.a(lib_a-sscanf.o) (__seofread)
/home/luca/gcc-arm-none-eabi-10.3-2021.10/bin/../lib/gcc/arm-none-eabi/10.3.1/../../../../arm-none-eabi/lib/thumb/v7-m/nofp/libc_nano.a(lib_a-strlen.o)
                              build/appTasks.o (strlen)
/home/luca/gcc-arm-none-eabi-10.3-2021.10/bin/../lib/gcc/arm-none-eabi/10.3.1/../../../../arm-none-eabi/lib/thumb/v7-m/nofp/libc_nano.a(lib_a-strstr.o)
                              build/appTasks.o (strstr)
/home/luca/gcc-arm-none-eabi-10.3-2021.10/bin/../lib/gcc/arm-none-eabi/10.3.1/../../../../arm-none-eabi/lib/thumb/v7-m/nofp/libc_nano.a(lib_a-writer.o)
                              /home/luca/gcc-arm-none-eabi-10.3-2021.10/bin/../lib/gcc/arm-none-eabi/10.3.1/../../../../arm-none-eabi/lib/thumb/v7-m/nofp/libc_nano.a(lib_a-stdio.o) (_write_r)
/home/luca/gcc-arm-none-eabi-10.3-2021.10/bin/../lib/gcc/arm-none-eabi/10.3.1/../../../../arm-none-eabi/lib/thumb/v7-m/nofp/libc_nano.a(lib_a-closer.o)
                              /home/luca/gcc-arm-none-eabi-10.3-2021.10/bin/../lib/gcc/arm-none-eabi/10.3.1/../../../../arm-none-eabi/lib/thumb/v7-m/nofp/libc_nano.a(lib_a-stdio.o) (_close_r)
/home/luca/gcc-arm-none-eabi-10.3-2021.10/bin/../lib/gcc/arm-none-eabi/10.3.1/../../../../arm-none-eabi/lib/thumb/v7-m/nofp/libc_nano.a(lib_a-lseekr.o)
                              /home/luca/gcc-arm-none-eabi-10.3-2021.10/bin/../lib/gcc/arm-none-eabi/10.3.1/../../../../arm-none-eabi/lib/thumb/v7-m/nofp/libc_nano.a(lib_a-stdio.o) (_lseek_r)
/home/luca/gcc-arm-none-eabi-10.3-2021.10/bin/../lib/gcc/arm-none-eabi/10.3.1/../../../../arm-none-eabi/lib/thumb/v7-m/nofp/libc_nano.a(lib_a-nano-svfprintf.o)
[...]
Memory Configuration

Name             Origin             Length             Attributes
RAM              0x0000000020000000 0x0000000000005000 xrw
FLASH            0x0000000008000000 0x0000000000010000 xr
*default*        0x0000000000000000 0xffffffffffffffff

Linker script and memory map

LOAD /home/luca/gcc-arm-none-eabi-10.3-2021.10/bin/../lib/gcc/arm-none-eabi/10.3.1/thumb/v7-m/nofp/crti.o
LOAD /home/luca/gcc-arm-none-eabi-10.3-2021.10/bin/../lib/gcc/arm-none-eabi/10.3.1/thumb/v7-m/nofp/crtbegin.o
LOAD /home/luca/gcc-arm-none-eabi-10.3-2021.10/bin/../lib/gcc/arm-none-eabi/10.3.1/../../../../arm-none-eabi/lib/thumb/v7-m/nofp/crt0.o
LOAD build/main.o
LOAD build/stm32f1xx_it.o
LOAD build/stm32f1xx_hal_msp.o
LOAD build/stm32f1xx_hal_gpio_ex.o
LOAD build/stm32f1xx_hal_tim.o
LOAD build/stm32f1xx_hal_tim_ex.o
LOAD build/stm32f1xx_hal.o
LOAD build/stm32f1xx_hal_rcc.o
LOAD build/stm32f1xx_hal_rcc_ex.o
LOAD build/stm32f1xx_hal_gpio.o
LOAD build/stm32f1xx_hal_dma.o
LOAD build/stm32f1xx_hal_cortex.o
LOAD build/stm32f1xx_hal_pwr.o
LOAD build/stm32f1xx_hal_flash.o
LOAD build/stm32f1xx_hal_flash_ex.o
LOAD build/stm32f1xx_hal_exti.o
LOAD build/system_stm32f1xx.o
LOAD build/gpio.o
LOAD build/usart.o
LOAD build/stm32f1xx_hal_uart.o
LOAD build/freertos.o
LOAD build/spi.o
LOAD build/stm32f1xx_hal_timebase_tim.o
LOAD build/stm32f1xx_hal_spi.o
LOAD build/croutine.o
LOAD build/event_groups.o
LOAD build/list.o
LOAD build/queue.o
LOAD build/stream_buffer.o
LOAD build/tasks.o
LOAD build/timers.o
LOAD build/cmsis_os2.o
LOAD build/heap_4.o
LOAD build/port.o
LOAD build/lis3dh_driver.o
LOAD build/porting.o
LOAD build/appTasks.o
LOAD build/AccelerometerSensor.o
LOAD build/Serial.o
LOAD build/startup_stm32f103xb.o
LOAD /home/luca/gcc-arm-none-eabi-10.3-2021.10/bin/../lib/gcc/arm-none-eabi/10.3.1/../../../../arm-none-eabi/lib/thumb/v7-m/nofp/libc_nano.a
LOAD /home/luca/gcc-arm-none-eabi-10.3-2021.10/bin/../lib/gcc/arm-none-eabi/10.3.1/../../../../arm-none-eabi/lib/thumb/v7-m/nofp/libm.a
LOAD /home/luca/gcc-arm-none-eabi-10.3-2021.10/bin/../lib/gcc/arm-none-eabi/10.3.1/../../../../arm-none-eabi/lib/thumb/v7-m/nofp/libnosys.a
LOAD /home/luca/gcc-arm-none-eabi-10.3-2021.10/bin/../lib/gcc/arm-none-eabi/10.3.1/../../../../arm-none-eabi/lib/thumb/v7-m/nofp/libstdc++_nano.a
START GROUP
LOAD /home/luca/gcc-arm-none-eabi-10.3-2021.10/bin/../lib/gcc/arm-none-eabi/10.3.1/thumb/v7-m/nofp/libgcc.a
LOAD /home/luca/gcc-arm-none-eabi-10.3-2021.10/bin/../lib/gcc/arm-none-eabi/10.3.1/../../../../arm-none-eabi/lib/thumb/v7-m/nofp/libc_nano.a
END GROUP
START GROUP
LOAD /home/luca/gcc-arm-none-eabi-10.3-2021.10/bin/../lib/gcc/arm-none-eabi/10.3.1/thumb/v7-m/nofp/libgcc.a
LOAD /home/luca/gcc-arm-none-eabi-10.3-2021.10/bin/../lib/gcc/arm-none-eabi/10.3.1/../../../../arm-none-eabi/lib/thumb/v7-m/nofp/libc_nano.a
END GROUP
LOAD /home/luca/gcc-arm-none-eabi-10.3-2021.10/bin/../lib/gcc/arm-none-eabi/10.3.1/thumb/v7-m/nofp/crtend.o
LOAD /home/luca/gcc-arm-none-eabi-10.3-2021.10/bin/../lib/gcc/arm-none-eabi/10.3.1/thumb/v7-m/nofp/crtn.o
                0x0000000020005000                _estack = (ORIGIN (RAM) + LENGTH (RAM))
                0x0000000000000200                _Min_Heap_Size = 0x200
                0x0000000000000400                _Min_Stack_Size = 0x400

.isr_vector     0x0000000008000000      0x10c
                0x0000000008000000                . = ALIGN (0x4)
 *(.isr_vector)
 .isr_vector    0x0000000008000000      0x10c build/startup_stm32f103xb.o
                0x0000000008000000                g_pfnVectors
                0x000000000800010c                . = ALIGN (0x4)

.text           0x0000000008000110     0x6058
                0x0000000008000110                . = ALIGN (0x4)
 *(.text)
 .text          0x0000000008000110       0x40 /home/luca/gcc-arm-none-eabi-10.3-2021.10/bin/../lib/gcc/arm-none-eabi/10.3.1/thumb/v7-m/nofp/crtbegin.o
 .text          0x0000000008000150       0x10 /home/luca/gcc-arm-none-eabi-10.3-2021.10/bin/../lib/gcc/arm-none-eabi/10.3.1/../../../../arm-none-eabi/lib/thumb/v7-m/nofp/libc_nano.a(lib_a-strlen.o)
                0x0000000008000150                strlen
 .text          0x0000000008000160      0x168 /home/luca/gcc-arm-none-eabi-10.3-2021.10/bin/../lib/gcc/arm-none-eabi/10.3.1/thumb/v7-m/nofp/libgcc.a(_arm_mulsf3.o)
                0x0000000008000160                __mulsf3
                0x0000000008000160                __aeabi_fmul
 .text          0x00000000080002c8      0x21c /home/luca/gcc-arm-none-eabi-10.3-2021.10/bin/../lib/gcc/arm-none-eabi/10.3.1/thumb/v7-m/nofp/libgcc.a(_arm_addsubsf3.o)
                0x00000000080002c8                __aeabi_frsub
                0x00000000080002d0                __subsf3
                0x00000000080002d0                __aeabi_fsub
                0x00000000080002d4                __aeabi_fadd
                0x00000000080002d4                __addsf3
                0x0000000008000434                __aeabi_ui2f
                0x0000000008000434                __floatunsisf
                0x000000000800043c                __aeabi_i2f
                0x000000000800043c                __floatsisf
                0x0000000008000458                __floatundisf
                0x0000000008000458                __aeabi_ul2f
                0x0000000008000468                __floatdisf
                0x0000000008000468                __aeabi_l2f
 .text          0x00000000080004e4       0x14 /home/luca/gcc-arm-none-eabi-10.3-2021.10/bin/../lib/gcc/arm-none-eabi/10.3.1/../../../../arm-none-eabi/lib/thumb/v7-m/nofp/libc_nano.a(lib_a-strcmp.o)
                0x00000000080004e4                strcmp
 *(.text*)
 .text.HAL_TIM_PeriodElapsedCallback
                0x00000000080004f8       0x18 build/main.o
                0x00000000080004f8                HAL_TIM_PeriodElapsedCallback
 .text.Error_Handler
                0x0000000008000510        0x4 build/main.o
                0x0000000008000510                Error_Handler
 .text.SystemClock_Config
                0x0000000008000514       0x64 build/main.o
                0x0000000008000514                SystemClock_Config
 .text.main     0x0000000008000578       0x24 build/main.o
                0x0000000008000578                main
 .text.NMI_Handler
                0x000000000800059c        0x2 build/stm32f1xx_it.o
                0x000000000800059c                NMI_Handler
 .text.HardFault_Handler
                0x000000000800059e        0x2 build/stm32f1xx_it.o
                0x000000000800059e                HardFault_Handler
 .text.MemManage_Handler
                0x00000000080005a0        0x2 build/stm32f1xx_it.o
                0x00000000080005a0                MemManage_Handler
 .text.BusFault_Handler
                0x00000000080005a2        0x2 build/stm32f1xx_it.o
                0x00000000080005a2                BusFault_Handler
 .text.UsageFault_Handler
                0x00000000080005a4        0x2 build/stm32f1xx_it.o
                0x00000000080005a4                UsageFault_Handler
 .text.DebugMon_Handler
                0x00000000080005a6        0x2 build/stm32f1xx_it.o
                0x00000000080005a6                DebugMon_Handler
 .text.EXTI0_IRQHandler
                0x00000000080005a8        0xa build/stm32f1xx_it.o
                0x00000000080005a8                EXTI0_IRQHandler
 *fill*         0x00000000080005b2        0x2 
 .text.TIM1_UP_IRQHandler
                0x00000000080005b4       0x10 build/stm32f1xx_it.o
                0x00000000080005b4                TIM1_UP_IRQHandler
 .text.SPI1_IRQHandler
                0x00000000080005c4       0x10 build/stm32f1xx_it.o
                0x00000000080005c4                SPI1_IRQHandler
 .text.USART1_IRQHandler
                0x00000000080005d4       0x10 build/stm32f1xx_it.o
                0x00000000080005d4                USART1_IRQHandler
 .text.HAL_MspInit
                0x00000000080005e4       0x40 build/stm32f1xx_hal_msp.o
                0x00000000080005e4                HAL_MspInit
 .text.HAL_TIM_Base_MspInit
                0x0000000008000624        0x2 build/stm32f1xx_hal_tim.o
                0x0000000008000624                HAL_TIM_Base_MspInit
 *fill*         0x0000000008000626        0x2 
 .text.HAL_TIM_Base_Start_IT
                0x0000000008000628       0x68 build/stm32f1xx_hal_tim.o
                0x0000000008000628                HAL_TIM_Base_Start_IT
 .text.HAL_TIM_OC_DelayElapsedCallback
                0x0000000008000690        0x2 build/stm32f1xx_hal_tim.o
                0x0000000008000690                HAL_TIM_OC_DelayElapsedCallback
 .text.HAL_TIM_IC_CaptureCallback
                0x0000000008000692        0x2 build/stm32f1xx_hal_tim.o
                0x0000000008000692                HAL_TIM_IC_CaptureCallback
 .text.HAL_TIM_PWM_PulseFinishedCallback
                0x0000000008000694        0x2 build/stm32f1xx_hal_tim.o
                0x0000000008000694                HAL_TIM_PWM_PulseFinishedCallback
 .text.HAL_TIM_TriggerCallback
                0x0000000008000696        0x2 build/stm32f1xx_hal_tim.o
                0x0000000008000696                HAL_TIM_TriggerCallback
 .text.HAL_TIM_IRQHandler
                0x0000000008000698      0x17a build/stm32f1xx_hal_tim.o
                0x0000000008000698                HAL_TIM_IRQHandler
 *fill*         0x0000000008000812        0x2 
 .text.TIM_Base_SetConfig
                0x0000000008000814       0x74 build/stm32f1xx_hal_tim.o
                0x0000000008000814                TIM_Base_SetConfig
 .text.HAL_TIM_Base_Init
                0x0000000008000888       0x58 build/stm32f1xx_hal_tim.o
                0x0000000008000888                HAL_TIM_Base_Init
 .text.HAL_TIMEx_CommutCallback
                0x00000000080008e0        0x2 build/stm32f1xx_hal_tim_ex.o
                0x00000000080008e0                HAL_TIMEx_CommutCallback
 .text.HAL_TIMEx_BreakCallback
                0x00000000080008e2        0x2 build/stm32f1xx_hal_tim_ex.o
                0x00000000080008e2                HAL_TIMEx_BreakCallback
 .text.HAL_Init
                0x00000000080008e4       0x24 build/stm32f1xx_hal.o
                0x00000000080008e4                HAL_Init
 .text.HAL_IncTick
                0x0000000008000908       0x18 build/stm32f1xx_hal.o
                0x0000000008000908                HAL_IncTick
 .text.HAL_GetTick
                0x0000000008000920        0xc build/stm32f1xx_hal.o
                0x0000000008000920                HAL_GetTick
 .text.RCC_Delay
                0x000000000800092c       0x2c build/stm32f1xx_hal_rcc.o
 .text.HAL_RCC_OscConfig
                0x0000000008000958      0x410 build/stm32f1xx_hal_rcc.o
                0x0000000008000958                HAL_RCC_OscConfig
 .text.HAL_RCC_GetSysClockFreq
                0x0000000008000d68       0x70 build/stm32f1xx_hal_rcc.o
                0x0000000008000d68                HAL_RCC_GetSysClockFreq
 .text.HAL_RCC_ClockConfig
                0x0000000008000dd8      0x16c build/stm32f1xx_hal_rcc.o
                0x0000000008000dd8                HAL_RCC_ClockConfig
 .text.HAL_RCC_GetHCLKFreq
                0x0000000008000f44        0xc build/stm32f1xx_hal_rcc.o
                0x0000000008000f44                HAL_RCC_GetHCLKFreq
 .text.HAL_RCC_GetPCLK1Freq
                0x0000000008000f50       0x20 build/stm32f1xx_hal_rcc.o
                0x0000000008000f50                HAL_RCC_GetPCLK1Freq
 .text.HAL_RCC_GetPCLK2Freq
                0x0000000008000f70       0x20 build/stm32f1xx_hal_rcc.o
                0x0000000008000f70                HAL_RCC_GetPCLK2Freq
 .text.HAL_RCC_GetClockConfig
                0x0000000008000f90       0x3c build/stm32f1xx_hal_rcc.o
                0x0000000008000f90                HAL_RCC_GetClockConfig
 .text.HAL_GPIO_Init
                0x0000000008000fcc      0x224 build/stm32f1xx_hal_gpio.o
                0x0000000008000fcc                HAL_GPIO_Init
 .text.HAL_GPIO_WritePin
                0x00000000080011f0        0xc build/stm32f1xx_hal_gpio.o
                0x00000000080011f0                HAL_GPIO_WritePin
 .text.HAL_GPIO_EXTI_IRQHandler
                0x00000000080011fc       0x1c build/stm32f1xx_hal_gpio.o
                0x00000000080011fc                HAL_GPIO_EXTI_IRQHandler
 .text.HAL_DMA_Abort
                0x0000000008001218       0x44 build/stm32f1xx_hal_dma.o
                0x0000000008001218                HAL_DMA_Abort
 .text.HAL_DMA_Abort_IT
                0x000000000800125c       0x98 build/stm32f1xx_hal_dma.o
                0x000000000800125c                HAL_DMA_Abort_IT
 .text.HAL_NVIC_SetPriorityGrouping
                0x00000000080012f4       0x24 build/stm32f1xx_hal_cortex.o
                0x00000000080012f4                HAL_NVIC_SetPriorityGrouping
 .text.HAL_NVIC_SetPriority
                0x0000000008001318       0x70 build/stm32f1xx_hal_cortex.o
                0x0000000008001318                HAL_NVIC_SetPriority
 .text.HAL_NVIC_EnableIRQ
                0x0000000008001388       0x1c build/stm32f1xx_hal_cortex.o
                0x0000000008001388                HAL_NVIC_EnableIRQ
 .text.SystemInit
                0x00000000080013a4        0x2 build/system_stm32f1xx.o
                0x00000000080013a4                SystemInit
 *fill*         0x00000000080013a6        0x2 
 .text.MX_GPIO_Init
                0x00000000080013a8       0x9c build/gpio.o
                0x00000000080013a8                MX_GPIO_Init
 .text.MX_USART1_UART_Init
                0x0000000008001444       0x34 build/usart.o
                0x0000000008001444                MX_USART1_UART_Init
 .text.HAL_UART_MspInit
                0x0000000008001478       0x88 build/usart.o
                0x0000000008001478                HAL_UART_MspInit
 .text.UART_EndRxTransfer
                0x0000000008001500       0x32 build/stm32f1xx_hal_uart.o
 .text.UART_Transmit_IT
                0x0000000008001532       0x60 build/stm32f1xx_hal_uart.o
 *fill*         0x0000000008001592        0x2 
 .text.UART_SetConfig
                0x0000000008001594       0x94 build/stm32f1xx_hal_uart.o
 .text.UART_WaitOnFlagUntilTimeout
                0x0000000008001628       0x6c build/stm32f1xx_hal_uart.o
 .text.HAL_UART_Init
                0x0000000008001694       0x5e build/stm32f1xx_hal_uart.o
                0x0000000008001694                HAL_UART_Init
 .text.HAL_UART_Transmit
                0x00000000080016f2       0xd8 build/stm32f1xx_hal_uart.o
                0x00000000080016f2                HAL_UART_Transmit
 .text.HAL_UART_TxCpltCallback
                0x00000000080017ca        0x2 build/stm32f1xx_hal_uart.o
                0x00000000080017ca                HAL_UART_TxCpltCallback
 .text.UART_EndTransmit_IT
                0x00000000080017cc       0x1a build/stm32f1xx_hal_uart.o
 .text.UART_DMAAbortOnError
                0x00000000080017e6       0x10 build/stm32f1xx_hal_uart.o
 .text.HAL_UARTEx_RxEventCallback
                0x00000000080017f6        0x2 build/stm32f1xx_hal_uart.o
                0x00000000080017f6                HAL_UARTEx_RxEventCallback
 .text.UART_Receive_IT
                0x00000000080017f8       0xd4 build/stm32f1xx_hal_uart.o
 .text.HAL_UART_IRQHandler
                0x00000000080018cc      0x204 build/stm32f1xx_hal_uart.o
                0x00000000080018cc                HAL_UART_IRQHandler
 .text.UART_Start_Receive_IT
                0x0000000008001ad0       0x36 build/stm32f1xx_hal_uart.o
                0x0000000008001ad0                UART_Start_Receive_IT
 .text.HAL_UART_Receive_IT
                0x0000000008001b06       0x38 build/stm32f1xx_hal_uart.o
                0x0000000008001b06                HAL_UART_Receive_IT
 *fill*         0x0000000008001b3e        0x2 
 .text.MX_FREERTOS_Init
                0x0000000008001b40       0x54 build/freertos.o
                0x0000000008001b40                MX_FREERTOS_Init
 .text.MX_SPI1_Init
                0x0000000008001b94       0x44 build/spi.o
                0x0000000008001b94                MX_SPI1_Init
 .text.HAL_SPI_MspInit
                0x0000000008001bd8       0x84 build/spi.o
                0x0000000008001bd8                HAL_SPI_MspInit
 .text.HAL_InitTick
                0x0000000008001c5c       0x94 build/stm32f1xx_hal_timebase_tim.o
                0x0000000008001c5c                HAL_InitTick
 .text.SPI_WaitFlagStateUntilTimeout
                0x0000000008001cf0       0xd4 build/stm32f1xx_hal_spi.o
 .text.SPI_EndRxTxTransaction
                0x0000000008001dc4       0x24 build/stm32f1xx_hal_spi.o
 .text.HAL_SPI_Init
                0x0000000008001de8       0xb6 build/stm32f1xx_hal_spi.o
                0x0000000008001de8                HAL_SPI_Init
 .text.HAL_SPI_Transmit
                0x0000000008001e9e      0x1b8 build/stm32f1xx_hal_spi.o
                0x0000000008001e9e                HAL_SPI_Transmit
 .text.HAL_SPI_TransmitReceive
                0x0000000008002056      0x238 build/stm32f1xx_hal_spi.o
                0x0000000008002056                HAL_SPI_TransmitReceive
 .text.HAL_SPI_ErrorCallback
                0x000000000800228e        0x2 build/stm32f1xx_hal_spi.o
                0x000000000800228e                HAL_SPI_ErrorCallback
 .text.HAL_SPI_IRQHandler
                0x0000000008002290      0x108 build/stm32f1xx_hal_spi.o
                0x0000000008002290                HAL_SPI_IRQHandler
 .text.SPI_DMAAbortOnError
                0x0000000008002398       0x10 build/stm32f1xx_hal_spi.o
 .text.vListInitialise
                0x00000000080023a8       0x16 build/list.o
                0x00000000080023a8                vListInitialise
 .text.vListInitialiseItem
                0x00000000080023be        0x6 build/list.o
                0x00000000080023be                vListInitialiseItem
 .text.vListInsertEnd
                0x00000000080023c4       0x16 build/list.o
                0x00000000080023c4                vListInsertEnd
 .text.vListInsert
                0x00000000080023da       0x32 build/list.o
                0x00000000080023da                vListInsert
 .text.uxListRemove
                0x000000000800240c       0x26 build/list.o
                0x000000000800240c                uxListRemove
 .text.prvIsQueueFull
                0x0000000008002432       0x1e build/queue.o
 .text.prvIsQueueEmpty
                0x0000000008002450       0x1a build/queue.o
 .text.prvCopyDataToQueue
                0x000000000800246a       0x76 build/queue.o
 .text.prvCopyDataFromQueue
                0x00000000080024e0       0x24 build/queue.o
 .text.prvUnlockQueue
                0x0000000008002504       0x6e build/queue.o
 .text.xQueueGenericReset
                0x0000000008002572       0x84 build/queue.o
                0x0000000008002572                xQueueGenericReset
 .text.prvInitialiseNewQueue
                0x00000000080025f6       0x22 build/queue.o
 .text.xQueueGenericCreateStatic
                0x0000000008002618       0x92 build/queue.o
                0x0000000008002618                xQueueGenericCreateStatic
 .text.xQueueGenericCreate
                0x00000000080026aa       0x4e build/queue.o
                0x00000000080026aa                xQueueGenericCreate
 .text.xQueueGenericSend
                0x00000000080026f8      0x188 build/queue.o
                0x00000000080026f8                xQueueGenericSend
 .text.xQueueGenericSendFromISR
                0x0000000008002880       0xcc build/queue.o
                0x0000000008002880                xQueueGenericSendFromISR
 .text.xQueueReceive
                0x000000000800294c      0x15e build/queue.o
                0x000000000800294c                xQueueReceive
 *fill*         0x0000000008002aaa        0x2 
 .text.vQueueAddToRegistry
                0x0000000008002aac       0x28 build/queue.o
                0x0000000008002aac                vQueueAddToRegistry
 .text.vQueueWaitForMessageRestricted
                0x0000000008002ad4       0x52 build/queue.o
                0x0000000008002ad4                vQueueWaitForMessageRestricted
 *fill*         0x0000000008002b26        0x2 
 .text.prvResetNextTaskUnblockTime
                0x0000000008002b28       0x2c build/tasks.o
 .text.prvInitialiseNewTask
                0x0000000008002b54       0x9c build/tasks.o
 .text.prvInitialiseTaskLists
                0x0000000008002bf0       0x68 build/tasks.o
 .text.prvAddNewTaskToReadyList
                0x0000000008002c58       0xac build/tasks.o
 .text.prvDeleteTCB
                0x0000000008002d04       0x38 build/tasks.o
 .text.prvCheckTasksWaitingTermination
                0x0000000008002d3c       0x4c build/tasks.o
 .text.prvIdleTask
                0x0000000008002d88       0x28 build/tasks.o
 .text.prvAddCurrentTaskToDelayedList
                0x0000000008002db0       0x7c build/tasks.o
 .text.xTaskCreateStatic
                0x0000000008002e2c       0x74 build/tasks.o
                0x0000000008002e2c                xTaskCreateStatic
 .text.xTaskCreate
                0x0000000008002ea0       0x68 build/tasks.o
                0x0000000008002ea0                xTaskCreate
 .text.vTaskStartScheduler
                0x0000000008002f08       0x9c build/tasks.o
                0x0000000008002f08                vTaskStartScheduler
 .text.vTaskSuspendAll
                0x0000000008002fa4       0x10 build/tasks.o
                0x0000000008002fa4                vTaskSuspendAll
 .text.xTaskGetTickCount
                0x0000000008002fb4        0xc build/tasks.o
                0x0000000008002fb4                xTaskGetTickCount
 .text.xTaskIncrementTick
                0x0000000008002fc0      0x118 build/tasks.o
                0x0000000008002fc0                xTaskIncrementTick
 .text.xTaskResumeAll
                0x00000000080030d8       0xf8 build/tasks.o
                0x00000000080030d8                xTaskResumeAll
 .text.vTaskDelay
                0x00000000080031d0       0x4c build/tasks.o
                0x00000000080031d0                vTaskDelay
 .text.vTaskSwitchContext
                0x000000000800321c       0x94 build/tasks.o
                0x000000000800321c                vTaskSwitchContext
 .text.vTaskPlaceOnEventList
                0x00000000080032b0       0x30 build/tasks.o
                0x00000000080032b0                vTaskPlaceOnEventList
 .text.vTaskPlaceOnEventListRestricted
                0x00000000080032e0       0x38 build/tasks.o
                0x00000000080032e0                vTaskPlaceOnEventListRestricted
 .text.xTaskRemoveFromEventList
                0x0000000008003318       0x8c build/tasks.o
                0x0000000008003318                xTaskRemoveFromEventList
 .text.vTaskInternalSetTimeOutState
                0x00000000080033a4       0x18 build/tasks.o
                0x00000000080033a4                vTaskInternalSetTimeOutState
 .text.xTaskCheckForTimeOut
                0x00000000080033bc       0x84 build/tasks.o
                0x00000000080033bc                xTaskCheckForTimeOut
 .text.vTaskMissedYield
                0x0000000008003440        0xc build/tasks.o
                0x0000000008003440                vTaskMissedYield
 .text.xTaskGetSchedulerState
                0x000000000800344c       0x20 build/tasks.o
                0x000000000800344c                xTaskGetSchedulerState
 .text.xTaskPriorityDisinherit
                0x000000000800346c       0x90 build/tasks.o
                0x000000000800346c                xTaskPriorityDisinherit
 .text.xTaskGenericNotify
                0x00000000080034fc       0xe4 build/tasks.o
                0x00000000080034fc                xTaskGenericNotify
 .text.prvGetNextExpireTime
                0x00000000080035e0       0x20 build/timers.o
 .text.prvInsertTimerInActiveList
                0x0000000008003600       0x48 build/timers.o
 .text.prvCheckForValidListAndQueue
                0x0000000008003648       0x70 build/timers.o
 .text.xTimerCreateTimerTask
                0x00000000080036b8       0x64 build/timers.o
                0x00000000080036b8                xTimerCreateTimerTask
 .text.xTimerGenericCommand
                0x000000000800371c       0x6c build/timers.o
                0x000000000800371c                xTimerGenericCommand
 .text.prvSwitchTimerLists
                0x0000000008003788       0x78 build/timers.o
 .text.prvSampleTimeNow
                0x0000000008003800       0x2c build/timers.o
 .text.prvProcessExpiredTimer
                0x000000000800382c       0x60 build/timers.o
 .text.prvProcessTimerOrBlockTask
                0x000000000800388c       0x74 build/timers.o
 .text.prvProcessReceivedCommands
                0x0000000008003900       0xf8 build/timers.o
 .text.prvTimerTask
                0x00000000080039f8       0x16 build/timers.o
 *fill*         0x0000000008003a0e        0x2 
 .text.osKernelInitialize
                0x0000000008003a10       0x44 build/cmsis_os2.o
                0x0000000008003a10                osKernelInitialize
 .text.osKernelStart
                0x0000000008003a54       0x4c build/cmsis_os2.o
                0x0000000008003a54                osKernelStart
 .text.osThreadNew
                0x0000000008003aa0       0xec build/cmsis_os2.o
                0x0000000008003aa0                osThreadNew
 .text.vApplicationGetIdleTaskMemory
                0x0000000008003b8c       0x18 build/cmsis_os2.o
                0x0000000008003b8c                vApplicationGetIdleTaskMemory
 .text.vApplicationGetTimerTaskMemory
                0x0000000008003ba4       0x18 build/cmsis_os2.o
                0x0000000008003ba4                vApplicationGetTimerTaskMemory
 .text.prvHeapInit
                0x0000000008003bbc       0x64 build/heap_4.o
 .text.prvInsertBlockIntoFreeList
                0x0000000008003c20       0x60 build/heap_4.o
 .text.pvPortMalloc
                0x0000000008003c80       0xf0 build/heap_4.o
                0x0000000008003c80                pvPortMalloc
 .text.vPortFree
                0x0000000008003d70       0x70 build/heap_4.o
                0x0000000008003d70                vPortFree
 .text.prvTaskExitError
                0x0000000008003de0       0x40 build/port.o
 .text.prvPortStartFirstTask
                0x0000000008003e20       0x20 build/port.o
 .text.pxPortInitialiseStack
                0x0000000008003e40       0x24 build/port.o
                0x0000000008003e40                pxPortInitialiseStack
 *fill*         0x0000000008003e64        0xc 
 .text.SVC_Handler
                0x0000000008003e70       0x24 build/port.o
                0x0000000008003e70                SVC_Handler
 .text.vPortEnterCritical
                0x0000000008003e94       0x44 build/port.o
                0x0000000008003e94                vPortEnterCritical
 .text.vPortExitCritical
                0x0000000008003ed8       0x2c build/port.o
                0x0000000008003ed8                vPortExitCritical
 *fill*         0x0000000008003f04        0xc 
 .text.PendSV_Handler
                0x0000000008003f10       0x44 build/port.o
                0x0000000008003f10                PendSV_Handler
 .text.SysTick_Handler
                0x0000000008003f54       0x2c build/port.o
                0x0000000008003f54                SysTick_Handler
 .text.vPortSetupTimerInterrupt
                0x0000000008003f80       0x28 build/port.o
                0x0000000008003f80                vPortSetupTimerInterrupt
 .text.xPortStartScheduler
                0x0000000008003fa8       0xc0 build/port.o
                0x0000000008003fa8                xPortStartScheduler
 .text.vPortValidateInterruptPriority
                0x0000000008004068       0x5c build/port.o
                0x0000000008004068                vPortValidateInterruptPriority
 .text.LIS3DH_GetWHO_AM_I
                0x00000000080040c4       0x10 build/lis3dh_driver.o
                0x00000000080040c4                LIS3DH_GetWHO_AM_I
 .text.LIS3DH_SetODR
                0x00000000080040d4       0x3a build/lis3dh_driver.o
                0x00000000080040d4                LIS3DH_SetODR
 *fill*         0x000000000800410e        0x2 
 .text.LIS3DH_SetMode
                0x0000000008004110       0xd0 build/lis3dh_driver.o
                0x0000000008004110                LIS3DH_SetMode
 .text.LIS3DH_SetFullScale
                0x00000000080041e0       0x3a build/lis3dh_driver.o
                0x00000000080041e0                LIS3DH_SetFullScale
 .text.LIS3DH_FIFOModeEnable
                0x000000000800421a      0x21a build/lis3dh_driver.o
                0x000000000800421a                LIS3DH_FIFOModeEnable
 .text.LIS3DH_GetAccAxesRaw
                0x0000000008004434       0x80 build/lis3dh_driver.o
                0x0000000008004434                LIS3DH_GetAccAxesRaw
 .text.LIS3DH_GetFifoSourceFSS
                0x00000000080044b4       0x26 build/lis3dh_driver.o
                0x00000000080044b4                LIS3DH_GetFifoSourceFSS
 *fill*         0x00000000080044da        0x2 
 .text.LIS3DH_ReadReg
                0x00000000080044dc       0x50 build/porting.o
                0x00000000080044dc                LIS3DH_ReadReg
 .text.LIS3DH_WriteReg
                0x000000000800452c       0x40 build/porting.o
                0x000000000800452c                LIS3DH_WriteReg
 .text._ZN19AccelerometerSensor13EventListener17OnFullBufferEventEv
                0x000000000800456c        0x2 build/appTasks.o
                0x000000000800456c                AccelerometerSensor::EventListener::OnFullBufferEvent()
 .text._ZN19AccelerometerSensor13EventListener18OnEmptyBufferEventEv
                0x000000000800456e        0x2 build/appTasks.o
                0x000000000800456e                AccelerometerSensor::EventListener::OnEmptyBufferEvent()
 .text._ZN19AccelerometerSensor13EventListener23OnNewDataAvailableEventEv
                0x0000000008004570        0x2 build/appTasks.o
                0x0000000008004570                AccelerometerSensor::EventListener::OnNewDataAvailableEvent()
 .text._ZN19AccelerometerSensor6Driver9setConfigERKNS_22accelerometer_config_tE
                0x0000000008004572        0x4 build/appTasks.o
                0x0000000008004572                AccelerometerSensor::Driver::setConfig(AccelerometerSensor::accelerometer_config_t const&)
 .text._ZN19AccelerometerSensor6Driver4readEPhm
                0x0000000008004576        0x4 build/appTasks.o
                0x0000000008004576                AccelerometerSensor::Driver::read(unsigned char*, unsigned long)
 .text._ZN19AccelerometerSensor6Driver9getConfigEv
                0x000000000800457a        0x4 build/appTasks.o
                0x000000000800457a                AccelerometerSensor::Driver::getConfig()
 .text._ZN19AccelerometerSensor6Driver9availableEv
                0x000000000800457e        0x4 build/appTasks.o
                0x000000000800457e                AccelerometerSensor::Driver::available()
 *fill*         0x0000000008004582        0x2 
 .text._ZN19AccelerometerSensor6DriverD2Ev
                0x0000000008004584        0xc build/appTasks.o
                0x0000000008004584                AccelerometerSensor::Driver::~Driver()
                0x0000000008004584                AccelerometerSensor::Driver::~Driver()
 .text._ZN6Serial4initEv
                0x0000000008004590        0x2 build/appTasks.o
                0x0000000008004590                Serial::init()
 .text._ZN6Serial5writeEPKcm
                0x0000000008004592        0x4 build/appTasks.o
                0x0000000008004592                Serial::write(char const*, unsigned long)
 .text._ZN19CommandsInterpreter8Obserser6notifyERKNS_9command_tE
                0x0000000008004596        0x2 build/appTasks.o
                0x0000000008004596                CommandsInterpreter::Obserser::notify(CommandsInterpreter::command_t const&)
 .text._ZN23SensorTaskEventListener18OnEmptyBufferEventEv
                0x0000000008004598        0x2 build/appTasks.o
                0x0000000008004598                SensorTaskEventListener::OnEmptyBufferEvent()
 .text._ZN23SensorTaskEventListener17OnFullBufferEventEv
                0x000000000800459a        0x2 build/appTasks.o
                0x000000000800459a                SensorTaskEventListener::OnFullBufferEvent()
 .text._ZN13LIS3DH_Driver9getConfigEv
                0x000000000800459c        0x4 build/appTasks.o
                0x000000000800459c                LIS3DH_Driver::getConfig()
 .text._ZN13LIS3DH_DriverD2Ev
                0x00000000080045a0       0x14 build/appTasks.o
                0x00000000080045a0                LIS3DH_Driver::~LIS3DH_Driver()
                0x00000000080045a0                LIS3DH_Driver::~LIS3DH_Driver()
 .text._ZN10UartSerial5writeEPKcm
                0x00000000080045b4       0x18 build/appTasks.o
                0x00000000080045b4                UartSerial::write(char const*, unsigned long)
 .text._ZN23SensorTaskEventListener23OnNewDataAvailableEventEv
                0x00000000080045cc       0x20 build/appTasks.o
                0x00000000080045cc                SensorTaskEventListener::OnNewDataAvailableEvent()
 .text._ZN15CommandListener6notifyERKN19CommandsInterpreter9command_tE
                0x00000000080045ec       0x5c build/appTasks.o
                0x00000000080045ec                CommandListener::notify(CommandsInterpreter::command_t const&)
 .text._Z41__static_initialization_and_destruction_0ii
                0x0000000008004648       0x98 build/appTasks.o
 .text._ZN13LIS3DH_DriverD0Ev
                0x00000000080046e0       0x1c build/appTasks.o
                0x00000000080046e0                LIS3DH_Driver::~LIS3DH_Driver()
 .text._ZN19AccelerometerSensor6DriverD0Ev
                0x00000000080046fc       0x14 build/appTasks.o
                0x00000000080046fc                AccelerometerSensor::Driver::~Driver()
 .text._ZN13LIS3DH_Driver9availableEv
                0x0000000008004710       0x1c build/appTasks.o
                0x0000000008004710                LIS3DH_Driver::available()
 .text._ZN13LIS3DH_Driver4readEPhm
                0x000000000800472c       0x80 build/appTasks.o
                0x000000000800472c                LIS3DH_Driver::read(unsigned char*, unsigned long)
 .text._ZN13LIS3DH_Driver9setConfigERKN19AccelerometerSensor22accelerometer_config_tE
                0x00000000080047ac       0x50 build/appTasks.o
                0x00000000080047ac                LIS3DH_Driver::setConfig(AccelerometerSensor::accelerometer_config_t const&)
 .text.HAL_GPIO_EXTI_Callback
                0x00000000080047fc        0x2 build/appTasks.o
                0x00000000080047fc                HAL_GPIO_EXTI_Callback
 *fill*         0x00000000080047fe        0x2 
 .text.StartControllerTask
                0x0000000008004800      0x150 build/appTasks.o
                0x0000000008004800                StartControllerTask
 .text.StartSensorTask
                0x0000000008004950       0x2c build/appTasks.o
                0x0000000008004950                StartSensorTask
 .text.HAL_UART_RxCpltCallback
                0x000000000800497c       0x24 build/appTasks.o
                0x000000000800497c                HAL_UART_RxCpltCallback
 .text.HAL_UART_ErrorCallback
                0x00000000080049a0       0x18 build/appTasks.o
                0x00000000080049a0                HAL_UART_ErrorCallback
 .text.StartSerialTask
                0x00000000080049b8      0x130 build/appTasks.o
                0x00000000080049b8                StartSerialTask
 .text._GLOBAL__sub_I_HAL_GPIO_EXTI_Callback
                0x0000000008004ae8        0xe build/appTasks.o
 .text._ZN19AccelerometerSensor9setConfigERKNS_22accelerometer_config_tE
                0x0000000008004af6        0xe build/AccelerometerSensor.o
                0x0000000008004af6                AccelerometerSensor::setConfig(AccelerometerSensor::accelerometer_config_t const&)
 .text._ZN19AccelerometerSensor9availableEv
                0x0000000008004b04       0x14 build/AccelerometerSensor.o
                0x0000000008004b04                AccelerometerSensor::available()
 .text._ZN19AccelerometerSensor4readEPNS_9samples_tEm
                0x0000000008004b18       0x58 build/AccelerometerSensor.o
                0x0000000008004b18                AccelerometerSensor::read(AccelerometerSensor::samples_t*, unsigned long)
 .text._ZNK6Serial9availableEv
                0x0000000008004b70        0x6 build/Serial.o
                0x0000000008004b70                Serial::available() const
 .text._ZN6Serial10appendCharEc
                0x0000000008004b76       0x20 build/Serial.o
                0x0000000008004b76                Serial::appendChar(char)
 .text._ZN6Serial8in_flushEv
                0x0000000008004b96        0x8 build/Serial.o
                0x0000000008004b96                Serial::in_flush()
 .text._ZN6Serial9in_bufferEv
                0x0000000008004b9e        0x4 build/Serial.o
                0x0000000008004b9e                Serial::in_buffer()
 *fill*         0x0000000008004ba2        0x2 
 .text.Reset_Handler
                0x0000000008004ba4       0x48 build/startup_stm32f103xb.o
                0x0000000008004ba4                Reset_Handler
 .text.Default_Handler
                0x0000000008004bec        0x2 build/startup_stm32f103xb.o
                0x0000000008004bec                RTC_Alarm_IRQHandler
                0x0000000008004bec                EXTI2_IRQHandler
                0x0000000008004bec                TIM1_CC_IRQHandler
                0x0000000008004bec                PVD_IRQHandler
                0x0000000008004bec                EXTI3_IRQHandler
                0x0000000008004bec                I2C2_EV_IRQHandler
                0x0000000008004bec                ADC1_2_IRQHandler
                0x0000000008004bec                TAMPER_IRQHandler
                0x0000000008004bec                DMA1_Channel4_IRQHandler
                0x0000000008004bec                USART3_IRQHandler
                0x0000000008004bec                RTC_IRQHandler
                0x0000000008004bec                DMA1_Channel7_IRQHandler
                0x0000000008004bec                CAN1_RX1_IRQHandler
                0x0000000008004bec                TIM4_IRQHandler
                0x0000000008004bec                I2C1_EV_IRQHandler
                0x0000000008004bec                DMA1_Channel6_IRQHandler
                0x0000000008004bec                TIM3_IRQHandler
                0x0000000008004bec                RCC_IRQHandler
                0x0000000008004bec                TIM1_TRG_COM_IRQHandler
                0x0000000008004bec                DMA1_Channel1_IRQHandler
                0x0000000008004bec                Default_Handler
                0x0000000008004bec                EXTI15_10_IRQHandler
                0x0000000008004bec                EXTI9_5_IRQHandler
                0x0000000008004bec                SPI2_IRQHandler
                0x0000000008004bec                DMA1_Channel5_IRQHandler
                0x0000000008004bec                EXTI4_IRQHandler
                0x0000000008004bec                USB_LP_CAN1_RX0_IRQHandler
                0x0000000008004bec                USB_HP_CAN1_TX_IRQHandler
                0x0000000008004bec                DMA1_Channel3_IRQHandler
                0x0000000008004bec                WWDG_IRQHandler
                0x0000000008004bec                TIM2_IRQHandler
                0x0000000008004bec                TIM1_BRK_IRQHandler
                0x0000000008004bec                EXTI1_IRQHandler
                0x0000000008004bec                USART2_IRQHandler
                0x0000000008004bec                I2C2_ER_IRQHandler
                0x0000000008004bec                DMA1_Channel2_IRQHandler
                0x0000000008004bec                CAN1_SCE_IRQHandler
                0x0000000008004bec                FLASH_IRQHandler
                0x0000000008004bec                I2C1_ER_IRQHandler
                0x0000000008004bec                USBWakeUp_IRQHandler
 .text.__aeabi_atexit
                0x0000000008004bee        0xa /home/luca/gcc-arm-none-eabi-10.3-2021.10/bin/../lib/gcc/arm-none-eabi/10.3.1/../../../../arm-none-eabi/lib/thumb/v7-m/nofp/libc_nano.a(lib_a-aeabi_atexit.o)
                0x0000000008004bee                __aeabi_atexit
 .text.__cxa_atexit
                0x0000000008004bf8       0x1c /home/luca/gcc-arm-none-eabi-10.3-2021.10/bin/../lib/gcc/arm-none-eabi/10.3.1/../../../../arm-none-eabi/lib/thumb/v7-m/nofp/libc_nano.a(lib_a-cxa_atexit.o)
                0x0000000008004bf8                __cxa_atexit
 .text.__libc_init_array
                0x0000000008004c14       0x48 /home/luca/gcc-arm-none-eabi-10.3-2021.10/bin/../lib/gcc/arm-none-eabi/10.3.1/../../../../arm-none-eabi/lib/thumb/v7-m/nofp/libc_nano.a(lib_a-init.o)
                0x0000000008004c14                __libc_init_array
 .text.memcpy   0x0000000008004c5c       0x1c /home/luca/gcc-arm-none-eabi-10.3-2021.10/bin/../lib/gcc/arm-none-eabi/10.3.1/../../../../arm-none-eabi/lib/thumb/v7-m/nofp/libc_nano.a(lib_a-memcpy-stub.o)
                0x0000000008004c5c                memcpy
 .text.memset   0x0000000008004c78       0x10 /home/luca/gcc-arm-none-eabi-10.3-2021.10/bin/../lib/gcc/arm-none-eabi/10.3.1/../../../../arm-none-eabi/lib/thumb/v7-m/nofp/libc_nano.a(lib_a-memset.o)
                0x0000000008004c78                memset
 .text.sprintf  0x0000000008004c88       0x40 /home/luca/gcc-arm-none-eabi-10.3-2021.10/bin/../lib/gcc/arm-none-eabi/10.3.1/../../../../arm-none-eabi/lib/thumb/v7-m/nofp/libc_nano.a(lib_a-sprintf.o)
                0x0000000008004c88                sprintf
                0x0000000008004c88                siprintf
 .text.sscanf   0x0000000008004cc8       0x54 /home/luca/gcc-arm-none-eabi-10.3-2021.10/bin/../lib/gcc/arm-none-eabi/10.3.1/../../../../arm-none-eabi/lib/thumb/v7-m/nofp/libc_nano.a(lib_a-sscanf.o)
                0x0000000008004cc8                sscanf
                0x0000000008004cc8                siscanf
 .text.__seofread
                0x0000000008004d1c        0x4 /home/luca/gcc-arm-none-eabi-10.3-2021.10/bin/../lib/gcc/arm-none-eabi/10.3.1/../../../../arm-none-eabi/lib/thumb/v7-m/nofp/libc_nano.a(lib_a-stdio.o)
                0x0000000008004d1c                __seofread
 .text.strstr   0x0000000008004d20       0x2c /home/luca/gcc-arm-none-eabi-10.3-2021.10/bin/../lib/gcc/arm-none-eabi/10.3.1/../../../../arm-none-eabi/lib/thumb/v7-m/nofp/libc_nano.a(lib_a-strstr.o)
                0x0000000008004d20                strstr
 .text.__ssputs_r
                0x0000000008004d4c       0xb6 /home/luca/gcc-arm-none-eabi-10.3-2021.10/bin/../lib/gcc/arm-none-eabi/10.3.1/../../../../arm-none-eabi/lib/thumb/v7-m/nofp/libc_nano.a(lib_a-nano-svfprintf.o)
                0x0000000008004d4c                __ssputs_r
 *fill*         0x0000000008004e02        0x2 
 .text._svfprintf_r
                0x0000000008004e04      0x200 /home/luca/gcc-arm-none-eabi-10.3-2021.10/bin/../lib/gcc/arm-none-eabi/10.3.1/../../../../arm-none-eabi/lib/thumb/v7-m/nofp/libc_nano.a(lib_a-nano-svfprintf.o)
                0x0000000008004e04                _svfprintf_r
                0x0000000008004e04                _svfiprintf_r
 .text._sungetc_r
                0x0000000008005004       0x7a /home/luca/gcc-arm-none-eabi-10.3-2021.10/bin/../lib/gcc/arm-none-eabi/10.3.1/../../../../arm-none-eabi/lib/thumb/v7-m/nofp/libc_nano.a(lib_a-nano-svfscanf.o)
                0x0000000008005004                _sungetc_r
 .text.__ssrefill_r
                0x000000000800507e       0x3a /home/luca/gcc-arm-none-eabi-10.3-2021.10/bin/../lib/gcc/arm-none-eabi/10.3.1/../../../../arm-none-eabi/lib/thumb/v7-m/nofp/libc_nano.a(lib_a-nano-svfscanf.o)
                0x000000000800507e                __ssrefill_r
 .text.__ssvfscanf_r
                0x00000000080050b8      0x2f4 /home/luca/gcc-arm-none-eabi-10.3-2021.10/bin/../lib/gcc/arm-none-eabi/10.3.1/../../../../arm-none-eabi/lib/thumb/v7-m/nofp/libc_nano.a(lib_a-nano-svfscanf.o)
                0x00000000080050b8                __ssvfscanf_r
                0x00000000080050b8                __ssvfiscanf_r
 .text._printf_common
                0x00000000080053ac       0xde /home/luca/gcc-arm-none-eabi-10.3-2021.10/bin/../lib/gcc/arm-none-eabi/10.3.1/../../../../arm-none-eabi/lib/thumb/v7-m/nofp/libc_nano.a(lib_a-nano-vfprintf_i.o)
                0x00000000080053ac                _printf_common
 *fill*         0x000000000800548a        0x2 
 .text._printf_i
                0x000000000800548c      0x24c /home/luca/gcc-arm-none-eabi-10.3-2021.10/bin/../lib/gcc/arm-none-eabi/10.3.1/../../../../arm-none-eabi/lib/thumb/v7-m/nofp/libc_nano.a(lib_a-nano-vfprintf_i.o)
                0x000000000800548c                _printf_i
 .text._scanf_chars
                0x00000000080056d8       0xb4 /home/luca/gcc-arm-none-eabi-10.3-2021.10/bin/../lib/gcc/arm-none-eabi/10.3.1/../../../../arm-none-eabi/lib/thumb/v7-m/nofp/libc_nano.a(lib_a-nano-vfscanf_i.o)
                0x00000000080056d8                _scanf_chars
 .text._scanf_i
                0x000000000800578c      0x1f0 /home/luca/gcc-arm-none-eabi-10.3-2021.10/bin/../lib/gcc/arm-none-eabi/10.3.1/../../../../arm-none-eabi/lib/thumb/v7-m/nofp/libc_nano.a(lib_a-nano-vfscanf_i.o)
                0x000000000800578c                _scanf_i
 .text.__sccl   0x000000000800597c       0x70 /home/luca/gcc-arm-none-eabi-10.3-2021.10/bin/../lib/gcc/arm-none-eabi/10.3.1/../../../../arm-none-eabi/lib/thumb/v7-m/nofp/libc_nano.a(lib_a-sccl.o)
                0x000000000800597c                __sccl
 .text._strtol_l.constprop.0
                0x00000000080059ec       0xf8 /home/luca/gcc-arm-none-eabi-10.3-2021.10/bin/../lib/gcc/arm-none-eabi/10.3.1/../../../../arm-none-eabi/lib/thumb/v7-m/nofp/libc_nano.a(lib_a-strtol.o)
 .text._strtol_r
                0x0000000008005ae4        0x4 /home/luca/gcc-arm-none-eabi-10.3-2021.10/bin/../lib/gcc/arm-none-eabi/10.3.1/../../../../arm-none-eabi/lib/thumb/v7-m/nofp/libc_nano.a(lib_a-strtol.o)
                0x0000000008005ae4                _strtol_r
 .text._strtoul_l.constprop.0
                0x0000000008005ae8       0xe4 /home/luca/gcc-arm-none-eabi-10.3-2021.10/bin/../lib/gcc/arm-none-eabi/10.3.1/../../../../arm-none-eabi/lib/thumb/v7-m/nofp/libc_nano.a(lib_a-strtoul.o)
 .text._strtoul_r
                0x0000000008005bcc        0x4 /home/luca/gcc-arm-none-eabi-10.3-2021.10/bin/../lib/gcc/arm-none-eabi/10.3.1/../../../../arm-none-eabi/lib/thumb/v7-m/nofp/libc_nano.a(lib_a-strtoul.o)
                0x0000000008005bcc                _strtoul_r
 .text.__submore
                0x0000000008005bd0       0x70 /home/luca/gcc-arm-none-eabi-10.3-2021.10/bin/../lib/gcc/arm-none-eabi/10.3.1/../../../../arm-none-eabi/lib/thumb/v7-m/nofp/libc_nano.a(lib_a-ungetc.o)
                0x0000000008005bd0                __submore
 .text.__errno  0x0000000008005c40        0xc /home/luca/gcc-arm-none-eabi-10.3-2021.10/bin/../lib/gcc/arm-none-eabi/10.3.1/../../../../arm-none-eabi/lib/thumb/v7-m/nofp/libc_nano.a(lib_a-errno.o)
                0x0000000008005c40                __errno
 .text.__retarget_lock_acquire_recursive
                0x0000000008005c4c        0x2 /home/luca/gcc-arm-none-eabi-10.3-2021.10/bin/../lib/gcc/arm-none-eabi/10.3.1/../../../../arm-none-eabi/lib/thumb/v7-m/nofp/libc_nano.a(lib_a-lock.o)
                0x0000000008005c4c                __retarget_lock_acquire_recursive
 .text.__retarget_lock_release_recursive
                0x0000000008005c4e        0x2 /home/luca/gcc-arm-none-eabi-10.3-2021.10/bin/../lib/gcc/arm-none-eabi/10.3.1/../../../../arm-none-eabi/lib/thumb/v7-m/nofp/libc_nano.a(lib_a-lock.o)
                0x0000000008005c4e                __retarget_lock_release_recursive
 .text.memchr   0x0000000008005c50       0x1c /home/luca/gcc-arm-none-eabi-10.3-2021.10/bin/../lib/gcc/arm-none-eabi/10.3.1/../../../../arm-none-eabi/lib/thumb/v7-m/nofp/libc_nano.a(lib_a-memchr-stub.o)
                0x0000000008005c50                memchr
 .text.memmove  0x0000000008005c6c       0x34 /home/luca/gcc-arm-none-eabi-10.3-2021.10/bin/../lib/gcc/arm-none-eabi/10.3.1/../../../../arm-none-eabi/lib/thumb/v7-m/nofp/libc_nano.a(lib_a-memmove.o)
                0x0000000008005c6c                memmove
 .text._free_r  0x0000000008005ca0       0x90 /home/luca/gcc-arm-none-eabi-10.3-2021.10/bin/../lib/gcc/arm-none-eabi/10.3.1/../../../../arm-none-eabi/lib/thumb/v7-m/nofp/libc_nano.a(lib_a-nano-freer.o)
                0x0000000008005ca0                _free_r
 .text.sbrk_aligned
                0x0000000008005d30       0x40 /home/luca/gcc-arm-none-eabi-10.3-2021.10/bin/../lib/gcc/arm-none-eabi/10.3.1/../../../../arm-none-eabi/lib/thumb/v7-m/nofp/libc_nano.a(lib_a-nano-mallocr.o)
 .text._malloc_r
                0x0000000008005d70       0xe8 /home/luca/gcc-arm-none-eabi-10.3-2021.10/bin/../lib/gcc/arm-none-eabi/10.3.1/../../../../arm-none-eabi/lib/thumb/v7-m/nofp/libc_nano.a(lib_a-nano-mallocr.o)
                0x0000000008005d70                _malloc_r
 .text._realloc_r
                0x0000000008005e58       0x5e /home/luca/gcc-arm-none-eabi-10.3-2021.10/bin/../lib/gcc/arm-none-eabi/10.3.1/../../../../arm-none-eabi/lib/thumb/v7-m/nofp/libc_nano.a(lib_a-nano-reallocr.o)
                0x0000000008005e58                _realloc_r
 *fill*         0x0000000008005eb6        0x2 
 .text._sbrk_r  0x0000000008005eb8       0x20 /home/luca/gcc-arm-none-eabi-10.3-2021.10/bin/../lib/gcc/arm-none-eabi/10.3.1/../../../../arm-none-eabi/lib/thumb/v7-m/nofp/libc_nano.a(lib_a-sbrkr.o)
                0x0000000008005eb8                _sbrk_r
 .text.__malloc_lock
                0x0000000008005ed8        0xc /home/luca/gcc-arm-none-eabi-10.3-2021.10/bin/../lib/gcc/arm-none-eabi/10.3.1/../../../../arm-none-eabi/lib/thumb/v7-m/nofp/libc_nano.a(lib_a-mlock.o)
                0x0000000008005ed8                __malloc_lock
 .text.__malloc_unlock
                0x0000000008005ee4        0xc /home/luca/gcc-arm-none-eabi-10.3-2021.10/bin/../lib/gcc/arm-none-eabi/10.3.1/../../../../arm-none-eabi/lib/thumb/v7-m/nofp/libc_nano.a(lib_a-mlock.o)
                0x0000000008005ee4                __malloc_unlock
 .text._malloc_usable_size_r
                0x0000000008005ef0       0x10 /home/luca/gcc-arm-none-eabi-10.3-2021.10/bin/../lib/gcc/arm-none-eabi/10.3.1/../../../../arm-none-eabi/lib/thumb/v7-m/nofp/libc_nano.a(lib_a-nano-msizer.o)
                0x0000000008005ef0                _malloc_usable_size_r
 .text._sbrk    0x0000000008005f00       0x1c /home/luca/gcc-arm-none-eabi-10.3-2021.10/bin/../lib/gcc/arm-none-eabi/10.3.1/../../../../arm-none-eabi/lib/thumb/v7-m/nofp/libnosys.a(sbrk.o)
                0x0000000008005f00                _sbrk
 .text._ZNK10__cxxabiv117__class_type_info11__do_upcastEPKS0_PPv
                0x0000000008005f1c       0x32 /home/luca/gcc-arm-none-eabi-10.3-2021.10/bin/../lib/gcc/arm-none-eabi/10.3.1/../../../../arm-none-eabi/lib/thumb/v7-m/nofp/libstdc++_nano.a(class_type_info.o)
                0x0000000008005f1c                __cxxabiv1::__class_type_info::__do_upcast(__cxxabiv1::__class_type_info const*, void**) const
 .text._ZNK10__cxxabiv117__class_type_info20__do_find_public_srcEiPKvPKS0_S2_
                0x0000000008005f4e        0xc /home/luca/gcc-arm-none-eabi-10.3-2021.10/bin/../lib/gcc/arm-none-eabi/10.3.1/../../../../arm-none-eabi/lib/thumb/v7-m/nofp/libstdc++_nano.a(class_type_info.o)
                0x0000000008005f4e                __cxxabiv1::__class_type_info::__do_find_public_src(int, void const*, __cxxabiv1::__class_type_info const*, void const*) const
 *fill*         0x0000000008005f5a        0x2 
 .text._ZN10__cxxabiv117__class_type_infoD2Ev
                0x0000000008005f5c       0x14 /home/luca/gcc-arm-none-eabi-10.3-2021.10/bin/../lib/gcc/arm-none-eabi/10.3.1/../../../../arm-none-eabi/lib/thumb/v7-m/nofp/libstdc++_nano.a(class_type_info.o)
                0x0000000008005f5c                __cxxabiv1::__class_type_info::~__class_type_info()
                0x0000000008005f5c                __cxxabiv1::__class_type_info::~__class_type_info()
 .text._ZN10__cxxabiv117__class_type_infoD0Ev
                0x0000000008005f70       0x14 /home/luca/gcc-arm-none-eabi-10.3-2021.10/bin/../lib/gcc/arm-none-eabi/10.3.1/../../../../arm-none-eabi/lib/thumb/v7-m/nofp/libstdc++_nano.a(class_type_info.o)
                0x0000000008005f70                __cxxabiv1::__class_type_info::~__class_type_info()
 .text._ZNK10__cxxabiv117__class_type_info12__do_dyncastEiNS0_10__sub_kindEPKS0_PKvS3_S5_RNS0_16__dyncast_resultE
                0x0000000008005f84       0x3e /home/luca/gcc-arm-none-eabi-10.3-2021.10/bin/../lib/gcc/arm-none-eabi/10.3.1/../../../../arm-none-eabi/lib/thumb/v7-m/nofp/libstdc++_nano.a(class_type_info.o)
                0x0000000008005f84                __cxxabiv1::__class_type_info::__do_dyncast(int, __cxxabiv1::__class_type_info::__sub_kind, __cxxabiv1::__class_type_info const*, void const*, __cxxabiv1::__class_type_info const*, void const*, __cxxabiv1::__class_type_info::__dyncast_result&) const
 .text._ZNK10__cxxabiv117__class_type_info11__do_upcastEPKS0_PKvRNS0_15__upcast_resultE
                0x0000000008005fc2       0x18 /home/luca/gcc-arm-none-eabi-10.3-2021.10/bin/../lib/gcc/arm-none-eabi/10.3.1/../../../../arm-none-eabi/lib/thumb/v7-m/nofp/libstdc++_nano.a(class_type_info.o)
                0x0000000008005fc2                __cxxabiv1::__class_type_info::__do_upcast(__cxxabiv1::__class_type_info const*, void const*, __cxxabiv1::__class_type_info::__upcast_result&) const
 .text._ZNK10__cxxabiv117__class_type_info10__do_catchEPKSt9type_infoPPvj
                0x0000000008005fda       0x2a /home/luca/gcc-arm-none-eabi-10.3-2021.10/bin/../lib/gcc/arm-none-eabi/10.3.1/../../../../arm-none-eabi/lib/thumb/v7-m/nofp/libstdc++_nano.a(class_type_info.o)
                0x0000000008005fda                __cxxabiv1::__class_type_info::__do_catch(std::type_info const*, void**, unsigned int) const
 .text._ZdlPv   0x0000000008006004        0x4 /home/luca/gcc-arm-none-eabi-10.3-2021.10/bin/../lib/gcc/arm-none-eabi/10.3.1/../../../../arm-none-eabi/lib/thumb/v7-m/nofp/libstdc++_nano.a(del_op.o)
                0x0000000008006004                operator delete(void*)
 .text._ZdlPvj  0x0000000008006008        0x4 /home/luca/gcc-arm-none-eabi-10.3-2021.10/bin/../lib/gcc/arm-none-eabi/10.3.1/../../../../arm-none-eabi/lib/thumb/v7-m/nofp/libstdc++_nano.a(del_ops.o)
                0x0000000008006008                operator delete(void*, unsigned int)
 .text._ZN10__cxxabiv120__si_class_type_infoD2Ev
                0x000000000800600c       0x14 /home/luca/gcc-arm-none-eabi-10.3-2021.10/bin/../lib/gcc/arm-none-eabi/10.3.1/../../../../arm-none-eabi/lib/thumb/v7-m/nofp/libstdc++_nano.a(si_class_type_info.o)
                0x000000000800600c                __cxxabiv1::__si_class_type_info::~__si_class_type_info()
                0x000000000800600c                __cxxabiv1::__si_class_type_info::~__si_class_type_info()
 .text._ZN10__cxxabiv120__si_class_type_infoD0Ev
                0x0000000008006020       0x14 /home/luca/gcc-arm-none-eabi-10.3-2021.10/bin/../lib/gcc/arm-none-eabi/10.3.1/../../../../arm-none-eabi/lib/thumb/v7-m/nofp/libstdc++_nano.a(si_class_type_info.o)
                0x0000000008006020                __cxxabiv1::__si_class_type_info::~__si_class_type_info()
 .text._ZNK10__cxxabiv120__si_class_type_info20__do_find_public_srcEiPKvPKNS_17__class_type_infoES2_
                0x0000000008006034       0x3c /home/luca/gcc-arm-none-eabi-10.3-2021.10/bin/../lib/gcc/arm-none-eabi/10.3.1/../../../../arm-none-eabi/lib/thumb/v7-m/nofp/libstdc++_nano.a(si_class_type_info.o)
                0x0000000008006034                __cxxabiv1::__si_class_type_info::__do_find_public_src(int, void const*, __cxxabiv1::__class_type_info const*, void const*) const
 .text._ZNK10__cxxabiv120__si_class_type_info12__do_dyncastEiNS_17__class_type_info10__sub_kindEPKS1_PKvS4_S6_RNS1_16__dyncast_resultE
                0x0000000008006070       0x74 /home/luca/gcc-arm-none-eabi-10.3-2021.10/bin/../lib/gcc/arm-none-eabi/10.3.1/../../../../arm-none-eabi/lib/thumb/v7-m/nofp/libstdc++_nano.a(si_class_type_info.o)
                0x0000000008006070                __cxxabiv1::__si_class_type_info::__do_dyncast(int, __cxxabiv1::__class_type_info::__sub_kind, __cxxabiv1::__class_type_info const*, void const*, __cxxabiv1::__class_type_info const*, void const*, __cxxabiv1::__class_type_info::__dyncast_result&) const
 .text._ZNK10__cxxabiv120__si_class_type_info11__do_upcastEPKNS_17__class_type_infoEPKvRNS1_15__upcast_resultE
                0x00000000080060e4       0x2a /home/luca/gcc-arm-none-eabi-10.3-2021.10/bin/../lib/gcc/arm-none-eabi/10.3.1/../../../../arm-none-eabi/lib/thumb/v7-m/nofp/libstdc++_nano.a(si_class_type_info.o)
                0x00000000080060e4                __cxxabiv1::__si_class_type_info::__do_upcast(__cxxabiv1::__class_type_info const*, void const*, __cxxabiv1::__class_type_info::__upcast_result&) const
 .text._ZNSt9type_infoD2Ev
                0x000000000800610e        0x2 /home/luca/gcc-arm-none-eabi-10.3-2021.10/bin/../lib/gcc/arm-none-eabi/10.3.1/../../../../arm-none-eabi/lib/thumb/v7-m/nofp/libstdc++_nano.a(tinfo.o)
                0x000000000800610e                std::type_info::~type_info()
                0x000000000800610e                std::type_info::~type_info()
 .text._ZNKSt9type_info14__is_pointer_pEv
                0x0000000008006110        0x4 /home/luca/gcc-arm-none-eabi-10.3-2021.10/bin/../lib/gcc/arm-none-eabi/10.3.1/../../../../arm-none-eabi/lib/thumb/v7-m/nofp/libstdc++_nano.a(tinfo.o)
                0x0000000008006110                std::type_info::__is_function_p() const
                0x0000000008006110                std::type_info::__is_pointer_p() const
 .text._ZNKSt9type_infoeqERKS_
                0x0000000008006114       0x2c /home/luca/gcc-arm-none-eabi-10.3-2021.10/bin/../lib/gcc/arm-none-eabi/10.3.1/../../../../arm-none-eabi/lib/thumb/v7-m/nofp/libstdc++_nano.a(tinfo.o)
                0x0000000008006114                std::type_info::operator==(std::type_info const&) const
 .text.free     0x0000000008006140       0x10 /home/luca/gcc-arm-none-eabi-10.3-2021.10/bin/../lib/gcc/arm-none-eabi/10.3.1/../../../../arm-none-eabi/lib/thumb/v7-m/nofp/libc_nano.a(lib_a-malloc.o)
                0x0000000008006140                free
 *(.glue_7)
 .glue_7        0x0000000008006150        0x0 linker stubs
 *(.glue_7t)
 .glue_7t       0x0000000008006150        0x0 linker stubs
 *(.eh_frame)
 .eh_frame      0x0000000008006150        0x0 /home/luca/gcc-arm-none-eabi-10.3-2021.10/bin/../lib/gcc/arm-none-eabi/10.3.1/thumb/v7-m/nofp/crtbegin.o
 *(.init)
 .init          0x0000000008006150        0x4 /home/luca/gcc-arm-none-eabi-10.3-2021.10/bin/../lib/gcc/arm-none-eabi/10.3.1/thumb/v7-m/nofp/crti.o
                0x0000000008006150                _init
 .init          0x0000000008006154        0x8 /home/luca/gcc-arm-none-eabi-10.3-2021.10/bin/../lib/gcc/arm-none-eabi/10.3.1/thumb/v7-m/nofp/crtn.o
 *(.fini)
 .fini          0x000000000800615c        0x4 /home/luca/gcc-arm-none-eabi-10.3-2021.10/bin/../lib/gcc/arm-none-eabi/10.3.1/thumb/v7-m/nofp/crti.o
                0x000000000800615c                _fini
 .fini          0x0000000008006160        0x8 /home/luca/gcc-arm-none-eabi-10.3-2021.10/bin/../lib/gcc/arm-none-eabi/10.3.1/thumb/v7-m/nofp/crtn.o
                0x0000000008006168                . = ALIGN (0x4)
                0x0000000008006168                _etext = .

.vfp11_veneer   0x0000000008006168        0x0
 .vfp11_veneer  0x0000000008006168        0x0 linker stubs

.v4_bx          0x0000000008006168        0x0
 .v4_bx         0x0000000008006168        0x0 linker stubs

.iplt           0x0000000008006168        0x0
 .iplt          0x0000000008006168        0x0 /home/luca/gcc-arm-none-eabi-10.3-2021.10/bin/../lib/gcc/arm-none-eabi/10.3.1/thumb/v7-m/nofp/crtbegin.o

.rodata         0x0000000008006168      0x5e4
                0x0000000008006168                . = ALIGN (0x4)
 *(.rodata)
 .rodata        0x0000000008006168       0x32 build/appTasks.o
 *fill*         0x000000000800619a        0x2 
 .rodata        0x000000000800619c        0xc /home/luca/gcc-arm-none-eabi-10.3-2021.10/bin/../lib/gcc/arm-none-eabi/10.3.1/../../../../arm-none-eabi/lib/thumb/v7-m/nofp/libc_nano.a(lib_a-nano-vfscanf_i.o)
 *(.rodata*)
 .rodata.HAL_RCC_GetSysClockFreq.str1.4
                0x00000000080061a8       0x11 build/stm32f1xx_hal_rcc.o
 *fill*         0x00000000080061b9        0x3 
 .rodata.AHBPrescTable
                0x00000000080061bc       0x10 build/system_stm32f1xx.o
                0x00000000080061bc                AHBPrescTable
 .rodata.APBPrescTable
                0x00000000080061cc        0x8 build/system_stm32f1xx.o
                0x00000000080061cc                APBPrescTable
 .rodata.str1.4
                0x00000000080061d4       0x27 build/freertos.o
 *fill*         0x00000000080061fb        0x1 
 .rodata.controllerTask_attributes
                0x00000000080061fc       0x24 build/freertos.o
                0x00000000080061fc                controllerTask_attributes
 .rodata.sensorTask_attributes
                0x0000000008006220       0x24 build/freertos.o
                0x0000000008006220                sensorTask_attributes
 .rodata.serialTask_attributes
                0x0000000008006244       0x24 build/freertos.o
                0x0000000008006244                serialTask_attributes
 .rodata.vTaskStartScheduler.str1.4
                0x0000000008006268        0x5 build/tasks.o
 *fill*         0x000000000800626d        0x3 
 .rodata.prvCheckForValidListAndQueue.str1.4
                0x0000000008006270        0x5 build/timers.o
 *fill*         0x0000000008006275        0x3 
 .rodata.xTimerCreateTimerTask.str1.4
                0x0000000008006278        0x8 build/timers.o
 .rodata.StartControllerTask.str1.4
                0x0000000008006280       0x68 build/appTasks.o
                                         0x6c (size before relaxing)
 .rodata.StartSerialTask.str1.4
                0x00000000080062e8       0x2a build/appTasks.o
 *fill*         0x0000000008006312        0x2 
 .rodata._ZTSN19AccelerometerSensor13EventListenerE
                0x0000000008006314       0x27 build/appTasks.o
                0x0000000008006314                typeinfo name for AccelerometerSensor::EventListener
 *fill*         0x000000000800633b        0x1 
 .rodata._ZTIN19AccelerometerSensor13EventListenerE
                0x000000000800633c        0x8 build/appTasks.o
                0x000000000800633c                typeinfo for AccelerometerSensor::EventListener
 .rodata._ZTSN19AccelerometerSensor6DriverE
                0x0000000008006344       0x1f build/appTasks.o
                0x0000000008006344                typeinfo name for AccelerometerSensor::Driver
 *fill*         0x0000000008006363        0x1 
 .rodata._ZTIN19AccelerometerSensor6DriverE
                0x0000000008006364        0x8 build/appTasks.o
                0x0000000008006364                typeinfo for AccelerometerSensor::Driver
 .rodata._ZTS6Serial
                0x000000000800636c        0x8 build/appTasks.o
                0x000000000800636c                typeinfo name for Serial
 .rodata._ZTI6Serial
                0x0000000008006374        0x8 build/appTasks.o
                0x0000000008006374                typeinfo for Serial
 .rodata._ZTSN19CommandsInterpreter8ObserserE
                0x000000000800637c       0x21 build/appTasks.o
                0x000000000800637c                typeinfo name for CommandsInterpreter::Obserser
 *fill*         0x000000000800639d        0x3 
 .rodata._ZTIN19CommandsInterpreter8ObserserE
                0x00000000080063a0        0x8 build/appTasks.o
                0x00000000080063a0                typeinfo for CommandsInterpreter::Obserser
 .rodata._ZTS10UartSerial
                0x00000000080063a8        0xd build/appTasks.o
                0x00000000080063a8                typeinfo name for UartSerial
 *fill*         0x00000000080063b5        0x3 
 .rodata._ZTI10UartSerial
                0x00000000080063b8        0xc build/appTasks.o
                0x00000000080063b8                typeinfo for UartSerial
 .rodata._ZTS23SensorTaskEventListener
                0x00000000080063c4       0x1a build/appTasks.o
                0x00000000080063c4                typeinfo name for SensorTaskEventListener
 *fill*         0x00000000080063de        0x2 
 .rodata._ZTI23SensorTaskEventListener
                0x00000000080063e0        0xc build/appTasks.o
                0x00000000080063e0                typeinfo for SensorTaskEventListener
 .rodata._ZTS13LIS3DH_Driver
                0x00000000080063ec       0x10 build/appTasks.o
                0x00000000080063ec                typeinfo name for LIS3DH_Driver
 .rodata._ZTI13LIS3DH_Driver
                0x00000000080063fc        0xc build/appTasks.o
                0x00000000080063fc                typeinfo for LIS3DH_Driver
 .rodata._ZTS15CommandListener
                0x0000000008006408       0x12 build/appTasks.o
                0x0000000008006408                typeinfo name for CommandListener
 *fill*         0x000000000800641a        0x2 
 .rodata._ZTI15CommandListener
                0x000000000800641c        0xc build/appTasks.o
                0x000000000800641c                typeinfo for CommandListener
 .rodata._ZTVN19AccelerometerSensor13EventListenerE
                0x0000000008006428       0x14 build/appTasks.o
                0x0000000008006428                vtable for AccelerometerSensor::EventListener
 .rodata._ZTVN19AccelerometerSensor6DriverE
                0x000000000800643c       0x20 build/appTasks.o
                0x000000000800643c                vtable for AccelerometerSensor::Driver
 .rodata._ZTV6Serial
                0x000000000800645c       0x10 build/appTasks.o
                0x000000000800645c                vtable for Serial
 .rodata._ZTVN19CommandsInterpreter8ObserserE
                0x000000000800646c        0xc build/appTasks.o
                0x000000000800646c                vtable for CommandsInterpreter::Obserser
 .rodata._ZTV10UartSerial
                0x0000000008006478       0x10 build/appTasks.o
                0x0000000008006478                vtable for UartSerial
 .rodata._ZTV23SensorTaskEventListener
                0x0000000008006488       0x14 build/appTasks.o
                0x0000000008006488                vtable for SensorTaskEventListener
 .rodata._ZTV13LIS3DH_Driver
                0x000000000800649c       0x20 build/appTasks.o
                0x000000000800649c                vtable for LIS3DH_Driver
 .rodata._ZTV15CommandListener
                0x00000000080064bc        0xc build/appTasks.o
                0x00000000080064bc                vtable for CommandListener
 .rodata._svfprintf_r.str1.1
                0x00000000080064c8       0x11 /home/luca/gcc-arm-none-eabi-10.3-2021.10/bin/../lib/gcc/arm-none-eabi/10.3.1/../../../../arm-none-eabi/lib/thumb/v7-m/nofp/libc_nano.a(lib_a-nano-svfprintf.o)
 .rodata.__ssvfscanf_r.str1.1
                0x00000000080064d9        0x4 /home/luca/gcc-arm-none-eabi-10.3-2021.10/bin/../lib/gcc/arm-none-eabi/10.3.1/../../../../arm-none-eabi/lib/thumb/v7-m/nofp/libc_nano.a(lib_a-nano-svfscanf.o)
 .rodata._printf_i.str1.1
                0x00000000080064d9       0x22 /home/luca/gcc-arm-none-eabi-10.3-2021.10/bin/../lib/gcc/arm-none-eabi/10.3.1/../../../../arm-none-eabi/lib/thumb/v7-m/nofp/libc_nano.a(lib_a-nano-vfprintf_i.o)
 .rodata.str1.1
                0x00000000080064fb        0x9 /home/luca/gcc-arm-none-eabi-10.3-2021.10/bin/../lib/gcc/arm-none-eabi/10.3.1/../../../../arm-none-eabi/lib/thumb/v7-m/nofp/libc_nano.a(lib_a-nano-vfscanf_i.o)
 .rodata._scanf_i.str1.1
                0x0000000008006504       0x12 /home/luca/gcc-arm-none-eabi-10.3-2021.10/bin/../lib/gcc/arm-none-eabi/10.3.1/../../../../arm-none-eabi/lib/thumb/v7-m/nofp/libc_nano.a(lib_a-nano-vfscanf_i.o)
 .rodata._ctype_
                0x0000000008006516      0x101 /home/luca/gcc-arm-none-eabi-10.3-2021.10/bin/../lib/gcc/arm-none-eabi/10.3.1/../../../../arm-none-eabi/lib/thumb/v7-m/nofp/libc_nano.a(lib_a-ctype_.o)
                0x0000000008006516                _ctype_
 *fill*         0x0000000008006617        0x1 
 .rodata.__sf_fake_stderr
                0x0000000008006618       0x20 /home/luca/gcc-arm-none-eabi-10.3-2021.10/bin/../lib/gcc/arm-none-eabi/10.3.1/../../../../arm-none-eabi/lib/thumb/v7-m/nofp/libc_nano.a(lib_a-findfp.o)
                0x0000000008006618                __sf_fake_stderr
 .rodata.__sf_fake_stdin
                0x0000000008006638       0x20 /home/luca/gcc-arm-none-eabi-10.3-2021.10/bin/../lib/gcc/arm-none-eabi/10.3.1/../../../../arm-none-eabi/lib/thumb/v7-m/nofp/libc_nano.a(lib_a-findfp.o)
                0x0000000008006638                __sf_fake_stdin
 .rodata.__sf_fake_stdout
                0x0000000008006658       0x20 /home/luca/gcc-arm-none-eabi-10.3-2021.10/bin/../lib/gcc/arm-none-eabi/10.3.1/../../../../arm-none-eabi/lib/thumb/v7-m/nofp/libc_nano.a(lib_a-findfp.o)
                0x0000000008006658                __sf_fake_stdout
 .rodata._ZTIN10__cxxabiv117__class_type_infoE
                0x0000000008006678        0xc /home/luca/gcc-arm-none-eabi-10.3-2021.10/bin/../lib/gcc/arm-none-eabi/10.3.1/../../../../arm-none-eabi/lib/thumb/v7-m/nofp/libstdc++_nano.a(class_type_info.o)
                0x0000000008006678                typeinfo for __cxxabiv1::__class_type_info
 .rodata._ZTSN10__cxxabiv117__class_type_infoE
                0x0000000008006684       0x22 /home/luca/gcc-arm-none-eabi-10.3-2021.10/bin/../lib/gcc/arm-none-eabi/10.3.1/../../../../arm-none-eabi/lib/thumb/v7-m/nofp/libstdc++_nano.a(class_type_info.o)
                0x0000000008006684                typeinfo name for __cxxabiv1::__class_type_info
 *fill*         0x00000000080066a6        0x2 
 .rodata._ZTVN10__cxxabiv117__class_type_infoE
                0x00000000080066a8       0x2c /home/luca/gcc-arm-none-eabi-10.3-2021.10/bin/../lib/gcc/arm-none-eabi/10.3.1/../../../../arm-none-eabi/lib/thumb/v7-m/nofp/libstdc++_nano.a(class_type_info.o)
                0x00000000080066a8                vtable for __cxxabiv1::__class_type_info
 .rodata._ZTIN10__cxxabiv120__si_class_type_infoE
                0x00000000080066d4        0xc /home/luca/gcc-arm-none-eabi-10.3-2021.10/bin/../lib/gcc/arm-none-eabi/10.3.1/../../../../arm-none-eabi/lib/thumb/v7-m/nofp/libstdc++_nano.a(si_class_type_info.o)
                0x00000000080066d4                typeinfo for __cxxabiv1::__si_class_type_info
 .rodata._ZTSN10__cxxabiv120__si_class_type_infoE
                0x00000000080066e0       0x25 /home/luca/gcc-arm-none-eabi-10.3-2021.10/bin/../lib/gcc/arm-none-eabi/10.3.1/../../../../arm-none-eabi/lib/thumb/v7-m/nofp/libstdc++_nano.a(si_class_type_info.o)
                0x00000000080066e0                typeinfo name for __cxxabiv1::__si_class_type_info
 *fill*         0x0000000008006705        0x3 
 .rodata._ZTVN10__cxxabiv120__si_class_type_infoE
                0x0000000008006708       0x2c /home/luca/gcc-arm-none-eabi-10.3-2021.10/bin/../lib/gcc/arm-none-eabi/10.3.1/../../../../arm-none-eabi/lib/thumb/v7-m/nofp/libstdc++_nano.a(si_class_type_info.o)
                0x0000000008006708                vtable for __cxxabiv1::__si_class_type_info
 .rodata._ZTISt9type_info
                0x0000000008006734        0x8 /home/luca/gcc-arm-none-eabi-10.3-2021.10/bin/../lib/gcc/arm-none-eabi/10.3.1/../../../../arm-none-eabi/lib/thumb/v7-m/nofp/libstdc++_nano.a(tinfo.o)
                0x0000000008006734                typeinfo for std::type_info
 .rodata._ZTSSt9type_info
                0x000000000800673c        0xd /home/luca/gcc-arm-none-eabi-10.3-2021.10/bin/../lib/gcc/arm-none-eabi/10.3.1/../../../../arm-none-eabi/lib/thumb/v7-m/nofp/libstdc++_nano.a(tinfo.o)
                0x000000000800673c                typeinfo name for std::type_info
                0x000000000800674c                . = ALIGN (0x4)
 *fill*         0x0000000008006749        0x3 

.rel.dyn        0x000000000800674c        0x0
 .rel.iplt      0x000000000800674c        0x0 /home/luca/gcc-arm-none-eabi-10.3-2021.10/bin/../lib/gcc/arm-none-eabi/10.3.1/thumb/v7-m/nofp/crtbegin.o

.ARM.extab
 *(.ARM.extab* .gnu.linkonce.armextab.*)

.ARM            0x000000000800674c        0x0
                0x000000000800674c                __exidx_start = .
 *(.ARM.exidx*)
                0x000000000800674c                __exidx_end = .

.preinit_array  0x000000000800674c        0x0
                0x000000000800674c                PROVIDE (__preinit_array_start = .)
 *(.preinit_array*)
                0x000000000800674c                PROVIDE (__preinit_array_end = .)

.init_array     0x000000000800674c        0x8
                0x000000000800674c                PROVIDE (__init_array_start = .)
 *(SORT_BY_NAME(.init_array.*))
 *(.init_array*)
 .init_array    0x000000000800674c        0x4 /home/luca/gcc-arm-none-eabi-10.3-2021.10/bin/../lib/gcc/arm-none-eabi/10.3.1/thumb/v7-m/nofp/crtbegin.o
 .init_array    0x0000000008006750        0x4 build/appTasks.o
                0x0000000008006754                PROVIDE (__init_array_end = .)

.fini_array     0x0000000008006754        0x4
                [!provide]                        PROVIDE (__fini_array_start = .)
 *(SORT_BY_NAME(.fini_array.*))
 *(.fini_array*)
 .fini_array    0x0000000008006754        0x4 /home/luca/gcc-arm-none-eabi-10.3-2021.10/bin/../lib/gcc/arm-none-eabi/10.3.1/thumb/v7-m/nofp/crtbegin.o
                [!provide]                        PROVIDE (__fini_array_end = .)
                0x0000000008006758                _sidata = LOADADDR (.data)

.data           0x0000000020000000       0x78 load address 0x0000000008006758
                0x0000000020000000                . = ALIGN (0x4)
                0x0000000020000000                _sdata = .
 *(.data)
 .data          0x0000000020000000        0x4 /home/luca/gcc-arm-none-eabi-10.3-2021.10/bin/../lib/gcc/arm-none-eabi/10.3.1/thumb/v7-m/nofp/crtbegin.o
                0x0000000020000000                __dso_handle
 *(.data*)
 .data.uwTickFreq
                0x0000000020000004        0x1 build/stm32f1xx_hal.o
                0x0000000020000004                uwTickFreq
 *fill*         0x0000000020000005        0x3 
 .data.uwTickPrio
                0x0000000020000008        0x4 build/stm32f1xx_hal.o
                0x0000000020000008                uwTickPrio
 .data.SystemCoreClock
                0x000000002000000c        0x4 build/system_stm32f1xx.o
                0x000000002000000c                SystemCoreClock
 .data.uxCriticalNesting
                0x0000000020000010        0x4 build/port.o
 .data._impure_ptr
                0x0000000020000014        0x4 /home/luca/gcc-arm-none-eabi-10.3-2021.10/bin/../lib/gcc/arm-none-eabi/10.3.1/../../../../arm-none-eabi/lib/thumb/v7-m/nofp/libc_nano.a(lib_a-impure.o)
                0x0000000020000014                _impure_ptr
 .data.impure_data
                0x0000000020000018       0x60 /home/luca/gcc-arm-none-eabi-10.3-2021.10/bin/../lib/gcc/arm-none-eabi/10.3.1/../../../../arm-none-eabi/lib/thumb/v7-m/nofp/libc_nano.a(lib_a-impure.o)
                0x0000000020000078                . = ALIGN (0x4)
                0x0000000020000078                _edata = .

.igot.plt       0x0000000020000078        0x0 load address 0x00000000080067d0
 .igot.plt      0x0000000020000078        0x0 /home/luca/gcc-arm-none-eabi-10.3-2021.10/bin/../lib/gcc/arm-none-eabi/10.3.1/thumb/v7-m/nofp/crtbegin.o
                0x0000000020000078                . = ALIGN (0x4)

.bss            0x0000000020000078     0x3074 load address 0x00000000080067d0
                0x0000000020000078                _sbss = .
                0x0000000020000078                __bss_start__ = _sbss
 *(.bss)
 .bss           0x0000000020000078       0x1c /home/luca/gcc-arm-none-eabi-10.3-2021.10/bin/../lib/gcc/arm-none-eabi/10.3.1/thumb/v7-m/nofp/crtbegin.o
 *(.bss*)
 .bss.uwTick    0x0000000020000094        0x4 build/stm32f1xx_hal.o
                0x0000000020000094                uwTick
 .bss.huart1    0x0000000020000098       0x44 build/usart.o
                0x0000000020000098                huart1
 .bss.controllerTaskHandle
                0x00000000200000dc        0x4 build/freertos.o
                0x00000000200000dc                controllerTaskHandle
 .bss.sensorTaskHandle
                0x00000000200000e0        0x4 build/freertos.o
                0x00000000200000e0                sensorTaskHandle
 .bss.serialTaskHandle
                0x00000000200000e4        0x4 build/freertos.o
                0x00000000200000e4                serialTaskHandle
 .bss.hspi1     0x00000000200000e8       0x58 build/spi.o
                0x00000000200000e8                hspi1
 .bss.htim1     0x0000000020000140       0x48 build/stm32f1xx_hal_timebase_tim.o
                0x0000000020000140                htim1
 .bss.xQueueRegistry
                0x0000000020000188       0x40 build/queue.o
                0x0000000020000188                xQueueRegistry
 .bss.pxCurrentTCB
                0x00000000200001c8        0x4 build/tasks.o
                0x00000000200001c8                pxCurrentTCB
 .bss.pxDelayedTaskList
                0x00000000200001cc        0x4 build/tasks.o
 .bss.pxOverflowDelayedTaskList
                0x00000000200001d0        0x4 build/tasks.o
 .bss.pxReadyTasksLists
                0x00000000200001d4      0x460 build/tasks.o
 .bss.uxCurrentNumberOfTasks
                0x0000000020000634        0x4 build/tasks.o
 .bss.uxDeletedTasksWaitingCleanUp
                0x0000000020000638        0x4 build/tasks.o
 .bss.uxPendedTicks
                0x000000002000063c        0x4 build/tasks.o
 .bss.uxSchedulerSuspended
                0x0000000020000640        0x4 build/tasks.o
 .bss.uxTaskNumber
                0x0000000020000644        0x4 build/tasks.o
 .bss.uxTopReadyPriority
                0x0000000020000648        0x4 build/tasks.o
 .bss.xDelayedTaskList1
                0x000000002000064c       0x14 build/tasks.o
 .bss.xDelayedTaskList2
                0x0000000020000660       0x14 build/tasks.o
 .bss.xIdleTaskHandle
                0x0000000020000674        0x4 build/tasks.o
 .bss.xNextTaskUnblockTime
                0x0000000020000678        0x4 build/tasks.o
 .bss.xNumOfOverflows
                0x000000002000067c        0x4 build/tasks.o
 .bss.xPendingReadyList
                0x0000000020000680       0x14 build/tasks.o
 .bss.xSchedulerRunning
                0x0000000020000694        0x4 build/tasks.o
 .bss.xSuspendedTaskList
                0x0000000020000698       0x14 build/tasks.o
 .bss.xTasksWaitingTermination
                0x00000000200006ac       0x14 build/tasks.o
 .bss.xTickCount
                0x00000000200006c0        0x4 build/tasks.o
 .bss.xYieldPending
                0x00000000200006c4        0x4 build/tasks.o
 .bss.pxCurrentTimerList
                0x00000000200006c8        0x4 build/timers.o
 .bss.pxOverflowTimerList
                0x00000000200006cc        0x4 build/timers.o
 .bss.ucStaticTimerQueueStorage.1
                0x00000000200006d0       0xa0 build/timers.o
 .bss.xActiveTimerList1
                0x0000000020000770       0x14 build/timers.o
 .bss.xActiveTimerList2
                0x0000000020000784       0x14 build/timers.o
 .bss.xLastTime.2
                0x0000000020000798        0x4 build/timers.o
 .bss.xStaticTimerQueue.0
                0x000000002000079c       0x50 build/timers.o
 .bss.xTimerQueue
                0x00000000200007ec        0x4 build/timers.o
 .bss.xTimerTaskHandle
                0x00000000200007f0        0x4 build/timers.o
 .bss.Idle_Stack
                0x00000000200007f4      0x200 build/cmsis_os2.o
 .bss.Idle_TCB  0x00000000200009f4       0x5c build/cmsis_os2.o
 .bss.KernelState
                0x0000000020000a50        0x4 build/cmsis_os2.o
 .bss.Timer_Stack
                0x0000000020000a54      0x400 build/cmsis_os2.o
 .bss.Timer_TCB
                0x0000000020000e54       0x5c build/cmsis_os2.o
 .bss.pxEnd     0x0000000020000eb0        0x4 build/heap_4.o
 .bss.ucHeap    0x0000000020000eb4     0x2000 build/heap_4.o
 .bss.xBlockAllocatedBit
                0x0000000020002eb4        0x4 build/heap_4.o
 .bss.xFreeBytesRemaining
                0x0000000020002eb8        0x4 build/heap_4.o
 .bss.xMinimumEverFreeBytesRemaining
                0x0000000020002ebc        0x4 build/heap_4.o
 .bss.xStart    0x0000000020002ec0        0x8 build/heap_4.o
 .bss.ucMaxSysCallPriority
                0x0000000020002ec8        0x1 build/port.o
 *fill*         0x0000000020002ec9        0x3 
 .bss.ulMaxPRIGROUPValue
                0x0000000020002ecc        0x4 build/port.o
 .bss.ODR_old_value.0
                0x0000000020002ed0        0x1 build/lis3dh_driver.o
 *fill*         0x0000000020002ed1        0x3 
 .bss._ZL12messageQueue
                0x0000000020002ed4        0x4 build/appTasks.o
 .bss._ZL3acc   0x0000000020002ed8       0xfc build/appTasks.o
 .bss._ZL3drv   0x0000000020002fd4       0x10 build/appTasks.o
 .bss._ZL6config
                0x0000000020002fe4        0xc build/appTasks.o
 .bss._ZL6serial
                0x0000000020002ff0       0xdc build/appTasks.o
 .bss._ZL7rx_data
                0x00000000200030cc        0x1 build/appTasks.o
 *fill*         0x00000000200030cd        0x3 
 .bss._ZL8listener
                0x00000000200030d0        0x8 build/appTasks.o
 .bss.errno     0x00000000200030d8        0x4 /home/luca/gcc-arm-none-eabi-10.3-2021.10/bin/../lib/gcc/arm-none-eabi/10.3.1/../../../../arm-none-eabi/lib/thumb/v7-m/nofp/libc_nano.a(lib_a-reent.o)
                0x00000000200030d8                errno
 .bss.__lock___malloc_recursive_mutex
                0x00000000200030dc        0x1 /home/luca/gcc-arm-none-eabi-10.3-2021.10/bin/../lib/gcc/arm-none-eabi/10.3.1/../../../../arm-none-eabi/lib/thumb/v7-m/nofp/libc_nano.a(lib_a-lock.o)
                0x00000000200030dc                __lock___malloc_recursive_mutex
 *fill*         0x00000000200030dd        0x3 
 .bss.__malloc_free_list
                0x00000000200030e0        0x4 /home/luca/gcc-arm-none-eabi-10.3-2021.10/bin/../lib/gcc/arm-none-eabi/10.3.1/../../../../arm-none-eabi/lib/thumb/v7-m/nofp/libc_nano.a(lib_a-nano-mallocr.o)
                0x00000000200030e0                __malloc_free_list
 .bss.__malloc_sbrk_start
                0x00000000200030e4        0x4 /home/luca/gcc-arm-none-eabi-10.3-2021.10/bin/../lib/gcc/arm-none-eabi/10.3.1/../../../../arm-none-eabi/lib/thumb/v7-m/nofp/libc_nano.a(lib_a-nano-mallocr.o)
                0x00000000200030e4                __malloc_sbrk_start
 .bss.heap_end.0
                0x00000000200030e8        0x4 /home/luca/gcc-arm-none-eabi-10.3-2021.10/bin/../lib/gcc/arm-none-eabi/10.3.1/../../../../arm-none-eabi/lib/thumb/v7-m/nofp/libnosys.a(sbrk.o)
 *(COMMON)
                0x00000000200030ec                . = ALIGN (0x4)
                0x00000000200030ec                _ebss = .
                0x00000000200030ec                __bss_end__ = _ebss

._user_heap_stack
                0x00000000200030ec      0x604 load address 0x00000000080067d0
                0x00000000200030f0                . = ALIGN (0x8)
 *fill*         0x00000000200030ec        0x4 
                0x00000000200030f0                PROVIDE (end = .)
                [!provide]                        PROVIDE (_end = .)
                0x00000000200032f0                . = (. + _Min_Heap_Size)
 *fill*         0x00000000200030f0      0x200 
                0x00000000200036f0                . = (. + _Min_Stack_Size)
 *fill*         0x00000000200032f0      0x400 
                0x00000000200036f0                . = ALIGN (0x8)

/DISCARD/
 libc.a(*)
 libm.a(*)
 libgcc.a(*)

.ARM.attributes
                0x0000000000000000       0x29
 *(.ARM.attributes)
 .ARM.attributes
                0x0000000000000000       0x1d /home/luca/gcc-arm-none-eabi-10.3-2021.10/bin/../lib/gcc/arm-none-eabi/10.3.1/thumb/v7-m/nofp/crti.o
 .ARM.attributes
                0x000000000000001d       0x2d /home/luca/gcc-arm-none-eabi-10.3-2021.10/bin/../lib/gcc/arm-none-eabi/10.3.1/thumb/v7-m/nofp/crtbegin.o
 .ARM.attributes
                0x000000000000004a       0x2d build/main.o
 .ARM.attributes
                0x0000000000000077       0x2d build/stm32f1xx_it.o
 .ARM.attributes
                0x00000000000000a4       0x2d build/stm32f1xx_hal_msp.o
 .ARM.attributes
                0x00000000000000d1       0x2d build/stm32f1xx_hal_tim.o
 .ARM.attributes
                0x00000000000000fe       0x2d build/stm32f1xx_hal_tim_ex.o
 .ARM.attributes
                0x000000000000012b       0x2d build/stm32f1xx_hal.o
 .ARM.attributes
                0x0000000000000158       0x2d build/stm32f1xx_hal_rcc.o
 .ARM.attributes
                0x0000000000000185       0x2d build/stm32f1xx_hal_gpio.o
 .ARM.attributes
                0x00000000000001b2       0x2d build/stm32f1xx_hal_dma.o
 .ARM.attributes
                0x00000000000001df       0x2d build/stm32f1xx_hal_cortex.o
 .ARM.attributes
                0x000000000000020c       0x2d build/system_stm32f1xx.o
 .ARM.attributes
                0x0000000000000239       0x2d build/gpio.o
 .ARM.attributes
                0x0000000000000266       0x2d build/usart.o
 .ARM.attributes
                0x0000000000000293       0x2d build/stm32f1xx_hal_uart.o
 .ARM.attributes
                0x00000000000002c0       0x2d build/freertos.o
 .ARM.attributes
                0x00000000000002ed       0x2d build/spi.o
 .ARM.attributes
                0x000000000000031a       0x2d build/stm32f1xx_hal_timebase_tim.o
 .ARM.attributes
                0x0000000000000347       0x2d build/stm32f1xx_hal_spi.o
 .ARM.attributes
                0x0000000000000374       0x2d build/list.o
 .ARM.attributes
                0x00000000000003a1       0x2d build/queue.o
 .ARM.attributes
                0x00000000000003ce       0x2d build/tasks.o
 .ARM.attributes
                0x00000000000003fb       0x2d build/timers.o
 .ARM.attributes
                0x0000000000000428       0x2d build/cmsis_os2.o
 .ARM.attributes
                0x0000000000000455       0x2d build/heap_4.o
 .ARM.attributes
                0x0000000000000482       0x2d build/port.o
 .ARM.attributes
                0x00000000000004af       0x2d build/lis3dh_driver.o
 .ARM.attributes
                0x00000000000004dc       0x2d build/porting.o
 .ARM.attributes
                0x0000000000000509       0x2d build/appTasks.o
 .ARM.attributes
                0x0000000000000536       0x2d build/AccelerometerSensor.o
 .ARM.attributes
                0x0000000000000563       0x2d build/Serial.o
 .ARM.attributes
                0x0000000000000590       0x21 build/startup_stm32f103xb.o
 .ARM.attributes
                0x00000000000005b1       0x2d /home/luca/gcc-arm-none-eabi-10.3-2021.10/bin/../lib/gcc/arm-none-eabi/10.3.1/../../../../arm-none-eabi/lib/thumb/v7-m/nofp/libc_nano.a(lib_a-aeabi_atexit.o)
 .ARM.attributes
                0x00000000000005de       0x2d /home/luca/gcc-arm-none-eabi-10.3-2021.10/bin/../lib/gcc/arm-none-eabi/10.3.1/../../../../arm-none-eabi/lib/thumb/v7-m/nofp/libc_nano.a(lib_a-cxa_atexit.o)
 .ARM.attributes
                0x000000000000060b       0x2d /home/luca/gcc-arm-none-eabi-10.3-2021.10/bin/../lib/gcc/arm-none-eabi/10.3.1/../../../../arm-none-eabi/lib/thumb/v7-m/nofp/libc_nano.a(lib_a-impure.o)
 .ARM.attributes
                0x0000000000000638       0x2d /home/luca/gcc-arm-none-eabi-10.3-2021.10/bin/../lib/gcc/arm-none-eabi/10.3.1/../../../../arm-none-eabi/lib/thumb/v7-m/nofp/libc_nano.a(lib_a-init.o)
 .ARM.attributes
                0x0000000000000665       0x2d /home/luca/gcc-arm-none-eabi-10.3-2021.10/bin/../lib/gcc/arm-none-eabi/10.3.1/../../../../arm-none-eabi/lib/thumb/v7-m/nofp/libc_nano.a(lib_a-memcpy-stub.o)
 .ARM.attributes
                0x0000000000000692       0x2d /home/luca/gcc-arm-none-eabi-10.3-2021.10/bin/../lib/gcc/arm-none-eabi/10.3.1/../../../../arm-none-eabi/lib/thumb/v7-m/nofp/libc_nano.a(lib_a-memset.o)
 .ARM.attributes
                0x00000000000006bf       0x2d /home/luca/gcc-arm-none-eabi-10.3-2021.10/bin/../lib/gcc/arm-none-eabi/10.3.1/../../../../arm-none-eabi/lib/thumb/v7-m/nofp/libc_nano.a(lib_a-sprintf.o)
 .ARM.attributes
                0x00000000000006ec       0x2d /home/luca/gcc-arm-none-eabi-10.3-2021.10/bin/../lib/gcc/arm-none-eabi/10.3.1/../../../../arm-none-eabi/lib/thumb/v7-m/nofp/libc_nano.a(lib_a-sscanf.o)
 .ARM.attributes
                0x0000000000000719       0x2d /home/luca/gcc-arm-none-eabi-10.3-2021.10/bin/../lib/gcc/arm-none-eabi/10.3.1/../../../../arm-none-eabi/lib/thumb/v7-m/nofp/libc_nano.a(lib_a-stdio.o)
 .ARM.attributes
                0x0000000000000746       0x17 /home/luca/gcc-arm-none-eabi-10.3-2021.10/bin/../lib/gcc/arm-none-eabi/10.3.1/../../../../arm-none-eabi/lib/thumb/v7-m/nofp/libc_nano.a(lib_a-strlen.o)
 .ARM.attributes
                0x000000000000075d       0x2d /home/luca/gcc-arm-none-eabi-10.3-2021.10/bin/../lib/gcc/arm-none-eabi/10.3.1/../../../../arm-none-eabi/lib/thumb/v7-m/nofp/libc_nano.a(lib_a-strstr.o)
 .ARM.attributes
                0x000000000000078a       0x2d /home/luca/gcc-arm-none-eabi-10.3-2021.10/bin/../lib/gcc/arm-none-eabi/10.3.1/../../../../arm-none-eabi/lib/thumb/v7-m/nofp/libc_nano.a(lib_a-nano-svfprintf.o)
 .ARM.attributes
                0x00000000000007b7       0x2d /home/luca/gcc-arm-none-eabi-10.3-2021.10/bin/../lib/gcc/arm-none-eabi/10.3.1/../../../../arm-none-eabi/lib/thumb/v7-m/nofp/libc_nano.a(lib_a-nano-svfscanf.o)
 .ARM.attributes
                0x00000000000007e4       0x2d /home/luca/gcc-arm-none-eabi-10.3-2021.10/bin/../lib/gcc/arm-none-eabi/10.3.1/../../../../arm-none-eabi/lib/thumb/v7-m/nofp/libc_nano.a(lib_a-nano-vfprintf_i.o)
 .ARM.attributes
                0x0000000000000811       0x2d /home/luca/gcc-arm-none-eabi-10.3-2021.10/bin/../lib/gcc/arm-none-eabi/10.3.1/../../../../arm-none-eabi/lib/thumb/v7-m/nofp/libc_nano.a(lib_a-nano-vfscanf_i.o)
 .ARM.attributes
                0x000000000000083e       0x2d /home/luca/gcc-arm-none-eabi-10.3-2021.10/bin/../lib/gcc/arm-none-eabi/10.3.1/../../../../arm-none-eabi/lib/thumb/v7-m/nofp/libc_nano.a(lib_a-reent.o)
 .ARM.attributes
                0x000000000000086b       0x2d /home/luca/gcc-arm-none-eabi-10.3-2021.10/bin/../lib/gcc/arm-none-eabi/10.3.1/../../../../arm-none-eabi/lib/thumb/v7-m/nofp/libc_nano.a(lib_a-sccl.o)
 .ARM.attributes
                0x0000000000000898       0x2d /home/luca/gcc-arm-none-eabi-10.3-2021.10/bin/../lib/gcc/arm-none-eabi/10.3.1/../../../../arm-none-eabi/lib/thumb/v7-m/nofp/libc_nano.a(lib_a-strtol.o)
 .ARM.attributes
                0x00000000000008c5       0x2d /home/luca/gcc-arm-none-eabi-10.3-2021.10/bin/../lib/gcc/arm-none-eabi/10.3.1/../../../../arm-none-eabi/lib/thumb/v7-m/nofp/libc_nano.a(lib_a-strtoul.o)
 .ARM.attributes
                0x00000000000008f2       0x2d /home/luca/gcc-arm-none-eabi-10.3-2021.10/bin/../lib/gcc/arm-none-eabi/10.3.1/../../../../arm-none-eabi/lib/thumb/v7-m/nofp/libc_nano.a(lib_a-ungetc.o)
 .ARM.attributes
                0x000000000000091f       0x2d /home/luca/gcc-arm-none-eabi-10.3-2021.10/bin/../lib/gcc/arm-none-eabi/10.3.1/../../../../arm-none-eabi/lib/thumb/v7-m/nofp/libc_nano.a(lib_a-ctype_.o)
 .ARM.attributes
                0x000000000000094c       0x2d /home/luca/gcc-arm-none-eabi-10.3-2021.10/bin/../lib/gcc/arm-none-eabi/10.3.1/../../../../arm-none-eabi/lib/thumb/v7-m/nofp/libc_nano.a(lib_a-errno.o)
 .ARM.attributes
                0x0000000000000979       0x2d /home/luca/gcc-arm-none-eabi-10.3-2021.10/bin/../lib/gcc/arm-none-eabi/10.3.1/../../../../arm-none-eabi/lib/thumb/v7-m/nofp/libc_nano.a(lib_a-findfp.o)
 .ARM.attributes
                0x00000000000009a6       0x2d /home/luca/gcc-arm-none-eabi-10.3-2021.10/bin/../lib/gcc/arm-none-eabi/10.3.1/../../../../arm-none-eabi/lib/thumb/v7-m/nofp/libc_nano.a(lib_a-lock.o)
 .ARM.attributes
                0x00000000000009d3       0x2d /home/luca/gcc-arm-none-eabi-10.3-2021.10/bin/../lib/gcc/arm-none-eabi/10.3.1/../../../../arm-none-eabi/lib/thumb/v7-m/nofp/libc_nano.a(lib_a-memchr-stub.o)
 .ARM.attributes
                0x0000000000000a00       0x2d /home/luca/gcc-arm-none-eabi-10.3-2021.10/bin/../lib/gcc/arm-none-eabi/10.3.1/../../../../arm-none-eabi/lib/thumb/v7-m/nofp/libc_nano.a(lib_a-memmove.o)
 .ARM.attributes
                0x0000000000000a2d       0x2d /home/luca/gcc-arm-none-eabi-10.3-2021.10/bin/../lib/gcc/arm-none-eabi/10.3.1/../../../../arm-none-eabi/lib/thumb/v7-m/nofp/libc_nano.a(lib_a-nano-freer.o)
 .ARM.attributes
                0x0000000000000a5a       0x2d /home/luca/gcc-arm-none-eabi-10.3-2021.10/bin/../lib/gcc/arm-none-eabi/10.3.1/../../../../arm-none-eabi/lib/thumb/v7-m/nofp/libc_nano.a(lib_a-nano-mallocr.o)
 .ARM.attributes
                0x0000000000000a87       0x2d /home/luca/gcc-arm-none-eabi-10.3-2021.10/bin/../lib/gcc/arm-none-eabi/10.3.1/../../../../arm-none-eabi/lib/thumb/v7-m/nofp/libc_nano.a(lib_a-nano-reallocr.o)
 .ARM.attributes
                0x0000000000000ab4       0x2d /home/luca/gcc-arm-none-eabi-10.3-2021.10/bin/../lib/gcc/arm-none-eabi/10.3.1/../../../../arm-none-eabi/lib/thumb/v7-m/nofp/libc_nano.a(lib_a-sbrkr.o)
 .ARM.attributes
                0x0000000000000ae1       0x2d /home/luca/gcc-arm-none-eabi-10.3-2021.10/bin/../lib/gcc/arm-none-eabi/10.3.1/../../../../arm-none-eabi/lib/thumb/v7-m/nofp/libc_nano.a(lib_a-mlock.o)
 .ARM.attributes
                0x0000000000000b0e       0x2d /home/luca/gcc-arm-none-eabi-10.3-2021.10/bin/../lib/gcc/arm-none-eabi/10.3.1/../../../../arm-none-eabi/lib/thumb/v7-m/nofp/libc_nano.a(lib_a-nano-msizer.o)
 .ARM.attributes
                0x0000000000000b3b       0x2d /home/luca/gcc-arm-none-eabi-10.3-2021.10/bin/../lib/gcc/arm-none-eabi/10.3.1/../../../../arm-none-eabi/lib/thumb/v7-m/nofp/libnosys.a(sbrk.o)
 .ARM.attributes
                0x0000000000000b68       0x2d /home/luca/gcc-arm-none-eabi-10.3-2021.10/bin/../lib/gcc/arm-none-eabi/10.3.1/../../../../arm-none-eabi/lib/thumb/v7-m/nofp/libstdc++_nano.a(class_type_info.o)
 .ARM.attributes
                0x0000000000000b95       0x2d /home/luca/gcc-arm-none-eabi-10.3-2021.10/bin/../lib/gcc/arm-none-eabi/10.3.1/../../../../arm-none-eabi/lib/thumb/v7-m/nofp/libstdc++_nano.a(del_op.o)
 .ARM.attributes